../c610/c610_command.c:11:6:set_raw_data	16	static
../c610/c610_command.c:18:6:processing_data	24	static
../Core/Src/main.c:82:6:HAL_CAN_RxFifo0MsgPendingCallback	56	static
../Core/Src/main.c:100:5:main	8	static
../Core/Src/main.c:191:6:SystemClock_Config	88	static
../Core/Src/main.c:249:13:MX_CAN1_Init	48	static
../Core/Src/main.c:298:13:MX_USART3_UART_Init	8	static
../Core/Src/main.c:333:13:MX_USB_OTG_FS_PCD_Init	8	static
../Core/Src/main.c:368:13:MX_GPIO_Init	56	static
../Core/Src/main.c:461:6:StartDefaultTask	24	static
../Core/Src/main.c:485:6:HAL_TIM_PeriodElapsedCallback	16	static
../Core/Src/main.c:502:6:Error_Handler	4	static,ignoring_inline_asm
