Archive member included to satisfy reference by file (symbol)

/opt/st/stm32cubeclt_1.15.0/GNU-tools-for-STM32/bin/../lib/gcc/arm-none-eabi/12.3.1/thumb/v7e-m+fp/hard/libgcc.a(_aeabi_uldivmod.o)
                              CMakeFiles/RoboMaster.elf.dir/Drivers/STM32F7xx_HAL_Driver/Src/stm32f7xx_hal_rcc.c.obj (__aeabi_uldivmod)
/opt/st/stm32cubeclt_1.15.0/GNU-tools-for-STM32/bin/../lib/gcc/arm-none-eabi/12.3.1/thumb/v7e-m+fp/hard/libgcc.a(_udivmoddi4.o)
                              /opt/st/stm32cubeclt_1.15.0/GNU-tools-for-STM32/bin/../lib/gcc/arm-none-eabi/12.3.1/thumb/v7e-m+fp/hard/libgcc.a(_aeabi_uldivmod.o) (__udivmoddi4)
/opt/st/stm32cubeclt_1.15.0/GNU-tools-for-STM32/bin/../lib/gcc/arm-none-eabi/12.3.1/thumb/v7e-m+fp/hard/libgcc.a(_dvmd_tls.o)
                              /opt/st/stm32cubeclt_1.15.0/GNU-tools-for-STM32/bin/../lib/gcc/arm-none-eabi/12.3.1/thumb/v7e-m+fp/hard/libgcc.a(_aeabi_uldivmod.o) (__aeabi_ldiv0)
/opt/st/stm32cubeclt_1.15.0/GNU-tools-for-STM32/bin/../lib/gcc/arm-none-eabi/12.3.1/../../../../arm-none-eabi/lib/thumb/v7e-m+fp/hard/libg.a(libc_a-exit.o)
                              /opt/st/stm32cubeclt_1.15.0/GNU-tools-for-STM32/bin/../lib/gcc/arm-none-eabi/12.3.1/../../../../arm-none-eabi/lib/thumb/v7e-m+fp/hard/crt0.o (exit)
/opt/st/stm32cubeclt_1.15.0/GNU-tools-for-STM32/bin/../lib/gcc/arm-none-eabi/12.3.1/../../../../arm-none-eabi/lib/thumb/v7e-m+fp/hard/libg.a(libc_a-findfp.o)
                              CMakeFiles/RoboMaster.elf.dir/Middlewares/Third_Party/FreeRTOS/Source/tasks.c.obj (__sf)
/opt/st/stm32cubeclt_1.15.0/GNU-tools-for-STM32/bin/../lib/gcc/arm-none-eabi/12.3.1/../../../../arm-none-eabi/lib/thumb/v7e-m+fp/hard/libg.a(libc_a-fwalk.o)
                              /opt/st/stm32cubeclt_1.15.0/GNU-tools-for-STM32/bin/../lib/gcc/arm-none-eabi/12.3.1/../../../../arm-none-eabi/lib/thumb/v7e-m+fp/hard/libg.a(libc_a-findfp.o) (_fwalk_sglue)
/opt/st/stm32cubeclt_1.15.0/GNU-tools-for-STM32/bin/../lib/gcc/arm-none-eabi/12.3.1/../../../../arm-none-eabi/lib/thumb/v7e-m+fp/hard/libg.a(libc_a-stdio.o)
                              /opt/st/stm32cubeclt_1.15.0/GNU-tools-for-STM32/bin/../lib/gcc/arm-none-eabi/12.3.1/../../../../arm-none-eabi/lib/thumb/v7e-m+fp/hard/libg.a(libc_a-findfp.o) (__sread)
/opt/st/stm32cubeclt_1.15.0/GNU-tools-for-STM32/bin/../lib/gcc/arm-none-eabi/12.3.1/../../../../arm-none-eabi/lib/thumb/v7e-m+fp/hard/libg.a(libc_a-memset.o)
                              /opt/st/stm32cubeclt_1.15.0/GNU-tools-for-STM32/bin/../lib/gcc/arm-none-eabi/12.3.1/../../../../arm-none-eabi/lib/thumb/v7e-m+fp/hard/crt0.o (memset)
/opt/st/stm32cubeclt_1.15.0/GNU-tools-for-STM32/bin/../lib/gcc/arm-none-eabi/12.3.1/../../../../arm-none-eabi/lib/thumb/v7e-m+fp/hard/libg.a(libc_a-closer.o)
                              /opt/st/stm32cubeclt_1.15.0/GNU-tools-for-STM32/bin/../lib/gcc/arm-none-eabi/12.3.1/../../../../arm-none-eabi/lib/thumb/v7e-m+fp/hard/libg.a(libc_a-stdio.o) (_close_r)
/opt/st/stm32cubeclt_1.15.0/GNU-tools-for-STM32/bin/../lib/gcc/arm-none-eabi/12.3.1/../../../../arm-none-eabi/lib/thumb/v7e-m+fp/hard/libg.a(libc_a-reent.o)
                              CMakeFiles/RoboMaster.elf.dir/Middlewares/Third_Party/FreeRTOS/Source/tasks.c.obj (_reclaim_reent)
/opt/st/stm32cubeclt_1.15.0/GNU-tools-for-STM32/bin/../lib/gcc/arm-none-eabi/12.3.1/../../../../arm-none-eabi/lib/thumb/v7e-m+fp/hard/libg.a(libc_a-impure.o)
                              CMakeFiles/RoboMaster.elf.dir/Middlewares/Third_Party/FreeRTOS/Source/tasks.c.obj (_impure_ptr)
/opt/st/stm32cubeclt_1.15.0/GNU-tools-for-STM32/bin/../lib/gcc/arm-none-eabi/12.3.1/../../../../arm-none-eabi/lib/thumb/v7e-m+fp/hard/libg.a(libc_a-lseekr.o)
                              /opt/st/stm32cubeclt_1.15.0/GNU-tools-for-STM32/bin/../lib/gcc/arm-none-eabi/12.3.1/../../../../arm-none-eabi/lib/thumb/v7e-m+fp/hard/libg.a(libc_a-stdio.o) (_lseek_r)
/opt/st/stm32cubeclt_1.15.0/GNU-tools-for-STM32/bin/../lib/gcc/arm-none-eabi/12.3.1/../../../../arm-none-eabi/lib/thumb/v7e-m+fp/hard/libg.a(libc_a-readr.o)
                              /opt/st/stm32cubeclt_1.15.0/GNU-tools-for-STM32/bin/../lib/gcc/arm-none-eabi/12.3.1/../../../../arm-none-eabi/lib/thumb/v7e-m+fp/hard/libg.a(libc_a-stdio.o) (_read_r)
/opt/st/stm32cubeclt_1.15.0/GNU-tools-for-STM32/bin/../lib/gcc/arm-none-eabi/12.3.1/../../../../arm-none-eabi/lib/thumb/v7e-m+fp/hard/libg.a(libc_a-writer.o)
                              /opt/st/stm32cubeclt_1.15.0/GNU-tools-for-STM32/bin/../lib/gcc/arm-none-eabi/12.3.1/../../../../arm-none-eabi/lib/thumb/v7e-m+fp/hard/libg.a(libc_a-stdio.o) (_write_r)
/opt/st/stm32cubeclt_1.15.0/GNU-tools-for-STM32/bin/../lib/gcc/arm-none-eabi/12.3.1/../../../../arm-none-eabi/lib/thumb/v7e-m+fp/hard/libg.a(libc_a-errno.o)
                              CMakeFiles/RoboMaster.elf.dir/Core/Src/syscalls.c.obj (__errno)
[...]
Memory Configuration

Name             Origin             Length             Attributes
RAM              0x20000000         0x00080000         xrw
FLASH            0x08000000         0x00200000         xr
*default*        0x00000000         0xffffffff

Linker script and memory map

LOAD /opt/st/stm32cubeclt_1.15.0/GNU-tools-for-STM32/bin/../lib/gcc/arm-none-eabi/12.3.1/thumb/v7e-m+fp/hard/crti.o
LOAD /opt/st/stm32cubeclt_1.15.0/GNU-tools-for-STM32/bin/../lib/gcc/arm-none-eabi/12.3.1/thumb/v7e-m+fp/hard/crtbegin.o
LOAD /opt/st/stm32cubeclt_1.15.0/GNU-tools-for-STM32/bin/../lib/gcc/arm-none-eabi/12.3.1/../../../../arm-none-eabi/lib/thumb/v7e-m+fp/hard/crt0.o
LOAD CMakeFiles/RoboMaster.elf.dir/Core/Src/freertos.c.obj
LOAD CMakeFiles/RoboMaster.elf.dir/Core/Src/main.c.obj
LOAD CMakeFiles/RoboMaster.elf.dir/Core/Src/stm32f7xx_hal_msp.c.obj
LOAD CMakeFiles/RoboMaster.elf.dir/Core/Src/stm32f7xx_hal_timebase_tim.c.obj
LOAD CMakeFiles/RoboMaster.elf.dir/Core/Src/stm32f7xx_it.c.obj
LOAD CMakeFiles/RoboMaster.elf.dir/Core/Src/syscalls.c.obj
LOAD CMakeFiles/RoboMaster.elf.dir/Core/Src/sysmem.c.obj
LOAD CMakeFiles/RoboMaster.elf.dir/Core/Src/system_stm32f7xx.c.obj
LOAD CMakeFiles/RoboMaster.elf.dir/Core/Startup/startup_stm32f767zitx.s.obj
LOAD CMakeFiles/RoboMaster.elf.dir/Drivers/STM32F7xx_HAL_Driver/Src/stm32f7xx_hal.c.obj
LOAD CMakeFiles/RoboMaster.elf.dir/Drivers/STM32F7xx_HAL_Driver/Src/stm32f7xx_hal_can.c.obj
LOAD CMakeFiles/RoboMaster.elf.dir/Drivers/STM32F7xx_HAL_Driver/Src/stm32f7xx_hal_cortex.c.obj
LOAD CMakeFiles/RoboMaster.elf.dir/Drivers/STM32F7xx_HAL_Driver/Src/stm32f7xx_hal_dma.c.obj
LOAD CMakeFiles/RoboMaster.elf.dir/Drivers/STM32F7xx_HAL_Driver/Src/stm32f7xx_hal_dma_ex.c.obj
LOAD CMakeFiles/RoboMaster.elf.dir/Drivers/STM32F7xx_HAL_Driver/Src/stm32f7xx_hal_exti.c.obj
LOAD CMakeFiles/RoboMaster.elf.dir/Drivers/STM32F7xx_HAL_Driver/Src/stm32f7xx_hal_flash.c.obj
LOAD CMakeFiles/RoboMaster.elf.dir/Drivers/STM32F7xx_HAL_Driver/Src/stm32f7xx_hal_flash_ex.c.obj
LOAD CMakeFiles/RoboMaster.elf.dir/Drivers/STM32F7xx_HAL_Driver/Src/stm32f7xx_hal_gpio.c.obj
LOAD CMakeFiles/RoboMaster.elf.dir/Drivers/STM32F7xx_HAL_Driver/Src/stm32f7xx_hal_i2c.c.obj
LOAD CMakeFiles/RoboMaster.elf.dir/Drivers/STM32F7xx_HAL_Driver/Src/stm32f7xx_hal_i2c_ex.c.obj
LOAD CMakeFiles/RoboMaster.elf.dir/Drivers/STM32F7xx_HAL_Driver/Src/stm32f7xx_hal_pcd.c.obj
LOAD CMakeFiles/RoboMaster.elf.dir/Drivers/STM32F7xx_HAL_Driver/Src/stm32f7xx_hal_pcd_ex.c.obj
LOAD CMakeFiles/RoboMaster.elf.dir/Drivers/STM32F7xx_HAL_Driver/Src/stm32f7xx_hal_pwr.c.obj
LOAD CMakeFiles/RoboMaster.elf.dir/Drivers/STM32F7xx_HAL_Driver/Src/stm32f7xx_hal_pwr_ex.c.obj
LOAD CMakeFiles/RoboMaster.elf.dir/Drivers/STM32F7xx_HAL_Driver/Src/stm32f7xx_hal_rcc.c.obj
LOAD CMakeFiles/RoboMaster.elf.dir/Drivers/STM32F7xx_HAL_Driver/Src/stm32f7xx_hal_rcc_ex.c.obj
LOAD CMakeFiles/RoboMaster.elf.dir/Drivers/STM32F7xx_HAL_Driver/Src/stm32f7xx_hal_tim.c.obj
LOAD CMakeFiles/RoboMaster.elf.dir/Drivers/STM32F7xx_HAL_Driver/Src/stm32f7xx_hal_tim_ex.c.obj
LOAD CMakeFiles/RoboMaster.elf.dir/Drivers/STM32F7xx_HAL_Driver/Src/stm32f7xx_hal_uart.c.obj
LOAD CMakeFiles/RoboMaster.elf.dir/Drivers/STM32F7xx_HAL_Driver/Src/stm32f7xx_hal_uart_ex.c.obj
LOAD CMakeFiles/RoboMaster.elf.dir/Drivers/STM32F7xx_HAL_Driver/Src/stm32f7xx_ll_usb.c.obj
LOAD CMakeFiles/RoboMaster.elf.dir/Middlewares/Third_Party/FreeRTOS/Source/CMSIS_RTOS_V2/cmsis_os2.c.obj
LOAD CMakeFiles/RoboMaster.elf.dir/Middlewares/Third_Party/FreeRTOS/Source/croutine.c.obj
LOAD CMakeFiles/RoboMaster.elf.dir/Middlewares/Third_Party/FreeRTOS/Source/event_groups.c.obj
LOAD CMakeFiles/RoboMaster.elf.dir/Middlewares/Third_Party/FreeRTOS/Source/list.c.obj
LOAD CMakeFiles/RoboMaster.elf.dir/Middlewares/Third_Party/FreeRTOS/Source/portable/GCC/ARM_CM7/r0p1/port.c.obj
LOAD CMakeFiles/RoboMaster.elf.dir/Middlewares/Third_Party/FreeRTOS/Source/portable/MemMang/heap_4.c.obj
LOAD CMakeFiles/RoboMaster.elf.dir/Middlewares/Third_Party/FreeRTOS/Source/queue.c.obj
LOAD CMakeFiles/RoboMaster.elf.dir/Middlewares/Third_Party/FreeRTOS/Source/stream_buffer.c.obj
LOAD CMakeFiles/RoboMaster.elf.dir/Middlewares/Third_Party/FreeRTOS/Source/tasks.c.obj
LOAD CMakeFiles/RoboMaster.elf.dir/Middlewares/Third_Party/FreeRTOS/Source/timers.c.obj
LOAD CMakeFiles/RoboMaster.elf.dir/c610/c610_command.c.obj
START GROUP
LOAD /opt/st/stm32cubeclt_1.15.0/GNU-tools-for-STM32/bin/../lib/gcc/arm-none-eabi/12.3.1/thumb/v7e-m+fp/hard/libgcc.a
LOAD /opt/st/stm32cubeclt_1.15.0/GNU-tools-for-STM32/bin/../lib/gcc/arm-none-eabi/12.3.1/../../../../arm-none-eabi/lib/thumb/v7e-m+fp/hard/libg.a
LOAD /opt/st/stm32cubeclt_1.15.0/GNU-tools-for-STM32/bin/../lib/gcc/arm-none-eabi/12.3.1/../../../../arm-none-eabi/lib/thumb/v7e-m+fp/hard/libc.a
END GROUP
LOAD /opt/st/stm32cubeclt_1.15.0/GNU-tools-for-STM32/bin/../lib/gcc/arm-none-eabi/12.3.1/thumb/v7e-m+fp/hard/crtend.o
LOAD /opt/st/stm32cubeclt_1.15.0/GNU-tools-for-STM32/bin/../lib/gcc/arm-none-eabi/12.3.1/thumb/v7e-m+fp/hard/crtn.o
                0x20080000                        _estack = (ORIGIN (RAM) + LENGTH (RAM))
                0x00000200                        _Min_Heap_Size = 0x200
                0x00000400                        _Min_Stack_Size = 0x400

.isr_vector     0x08000000      0x1f8
                0x08000000                        . = ALIGN (0x4)
 *(.isr_vector)
 .isr_vector    0x08000000      0x1f8 CMakeFiles/RoboMaster.elf.dir/Core/Startup/startup_stm32f767zitx.s.obj
                0x08000000                g_pfnVectors
                0x080001f8                        . = ALIGN (0x4)

.text           0x08000200     0x541c
                0x08000200                        . = ALIGN (0x4)
 *(.text)
 .text          0x08000200       0x40 /opt/st/stm32cubeclt_1.15.0/GNU-tools-for-STM32/bin/../lib/gcc/arm-none-eabi/12.3.1/thumb/v7e-m+fp/hard/crtbegin.o
 .text          0x08000240       0x30 /opt/st/stm32cubeclt_1.15.0/GNU-tools-for-STM32/bin/../lib/gcc/arm-none-eabi/12.3.1/thumb/v7e-m+fp/hard/libgcc.a(_aeabi_uldivmod.o)
                0x08000240                __aeabi_uldivmod
 .text          0x08000270      0x2bc /opt/st/stm32cubeclt_1.15.0/GNU-tools-for-STM32/bin/../lib/gcc/arm-none-eabi/12.3.1/thumb/v7e-m+fp/hard/libgcc.a(_udivmoddi4.o)
                0x08000270                __udivmoddi4
 .text          0x0800052c        0x4 /opt/st/stm32cubeclt_1.15.0/GNU-tools-for-STM32/bin/../lib/gcc/arm-none-eabi/12.3.1/thumb/v7e-m+fp/hard/libgcc.a(_dvmd_tls.o)
                0x0800052c                __aeabi_ldiv0
                0x0800052c                __aeabi_idiv0
 *(.text*)
 .text.MX_GPIO_Init
                0x08000530      0x174 CMakeFiles/RoboMaster.elf.dir/Core/Src/main.c.obj
 .text.StartDefaultTask
                0x080006a4       0x3c CMakeFiles/RoboMaster.elf.dir/Core/Src/main.c.obj
                0x080006a4                StartDefaultTask
 .text.HAL_CAN_RxFifo0MsgPendingCallback
                0x080006e0       0x22 CMakeFiles/RoboMaster.elf.dir/Core/Src/main.c.obj
                0x080006e0                HAL_CAN_RxFifo0MsgPendingCallback
 *fill*         0x08000702        0x2 
 .text.HAL_TIM_PeriodElapsedCallback
                0x08000704       0x18 CMakeFiles/RoboMaster.elf.dir/Core/Src/main.c.obj
                0x08000704                HAL_TIM_PeriodElapsedCallback
 .text.Error_Handler
                0x0800071c        0x4 CMakeFiles/RoboMaster.elf.dir/Core/Src/main.c.obj
                0x0800071c                Error_Handler
 .text.MX_USART3_UART_Init
                0x08000720       0x38 CMakeFiles/RoboMaster.elf.dir/Core/Src/main.c.obj
 .text.MX_USB_OTG_FS_PCD_Init
                0x08000758       0x34 CMakeFiles/RoboMaster.elf.dir/Core/Src/main.c.obj
 .text.MX_CAN1_Init
                0x0800078c       0x68 CMakeFiles/RoboMaster.elf.dir/Core/Src/main.c.obj
 .text.SystemClock_Config
                0x080007f4       0xb4 CMakeFiles/RoboMaster.elf.dir/Core/Src/main.c.obj
                0x080007f4                SystemClock_Config
 .text.main     0x080008a8       0x74 CMakeFiles/RoboMaster.elf.dir/Core/Src/main.c.obj
                0x080008a8                main
 .text.HAL_MspInit
                0x0800091c       0x40 CMakeFiles/RoboMaster.elf.dir/Core/Src/stm32f7xx_hal_msp.c.obj
                0x0800091c                HAL_MspInit
 .text.HAL_CAN_MspInit
                0x0800095c       0x78 CMakeFiles/RoboMaster.elf.dir/Core/Src/stm32f7xx_hal_msp.c.obj
                0x0800095c                HAL_CAN_MspInit
 .text.HAL_UART_MspInit
                0x080009d4       0x8c CMakeFiles/RoboMaster.elf.dir/Core/Src/stm32f7xx_hal_msp.c.obj
                0x080009d4                HAL_UART_MspInit
 .text.HAL_PCD_MspInit
                0x08000a60       0xb0 CMakeFiles/RoboMaster.elf.dir/Core/Src/stm32f7xx_hal_msp.c.obj
                0x08000a60                HAL_PCD_MspInit
 .text.HAL_InitTick
                0x08000b10       0xa0 CMakeFiles/RoboMaster.elf.dir/Core/Src/stm32f7xx_hal_timebase_tim.c.obj
                0x08000b10                HAL_InitTick
 .text.NMI_Handler
                0x08000bb0        0x2 CMakeFiles/RoboMaster.elf.dir/Core/Src/stm32f7xx_it.c.obj
                0x08000bb0                NMI_Handler
 .text.HardFault_Handler
                0x08000bb2        0x2 CMakeFiles/RoboMaster.elf.dir/Core/Src/stm32f7xx_it.c.obj
                0x08000bb2                HardFault_Handler
 .text.MemManage_Handler
                0x08000bb4        0x2 CMakeFiles/RoboMaster.elf.dir/Core/Src/stm32f7xx_it.c.obj
                0x08000bb4                MemManage_Handler
 .text.BusFault_Handler
                0x08000bb6        0x2 CMakeFiles/RoboMaster.elf.dir/Core/Src/stm32f7xx_it.c.obj
                0x08000bb6                BusFault_Handler
 .text.UsageFault_Handler
                0x08000bb8        0x2 CMakeFiles/RoboMaster.elf.dir/Core/Src/stm32f7xx_it.c.obj
                0x08000bb8                UsageFault_Handler
 .text.DebugMon_Handler
                0x08000bba        0x2 CMakeFiles/RoboMaster.elf.dir/Core/Src/stm32f7xx_it.c.obj
                0x08000bba                DebugMon_Handler
 .text.CAN1_RX0_IRQHandler
                0x08000bbc       0x10 CMakeFiles/RoboMaster.elf.dir/Core/Src/stm32f7xx_it.c.obj
                0x08000bbc                CAN1_RX0_IRQHandler
 .text.TIM6_DAC_IRQHandler
                0x08000bcc       0x10 CMakeFiles/RoboMaster.elf.dir/Core/Src/stm32f7xx_it.c.obj
                0x08000bcc                TIM6_DAC_IRQHandler
 .text._sbrk    0x08000bdc       0x48 CMakeFiles/RoboMaster.elf.dir/Core/Src/sysmem.c.obj
                0x08000bdc                _sbrk
 .text.SystemInit
                0x08000c24       0x14 CMakeFiles/RoboMaster.elf.dir/Core/Src/system_stm32f7xx.c.obj
                0x08000c24                SystemInit
 .text.Reset_Handler
                0x08000c38       0x50 CMakeFiles/RoboMaster.elf.dir/Core/Startup/startup_stm32f767zitx.s.obj
                0x08000c38                Reset_Handler
 .text.Default_Handler
                0x08000c88        0x2 CMakeFiles/RoboMaster.elf.dir/Core/Startup/startup_stm32f767zitx.s.obj
                0x08000c88                RTC_Alarm_IRQHandler
                0x08000c88                EXTI2_IRQHandler
                0x08000c88                TIM8_CC_IRQHandler
                0x08000c88                UART8_IRQHandler
                0x08000c88                SPI4_IRQHandler
                0x08000c88                TIM1_CC_IRQHandler
                0x08000c88                DMA2_Stream5_IRQHandler
                0x08000c88                JPEG_IRQHandler
                0x08000c88                DMA1_Stream5_IRQHandler
                0x08000c88                CAN3_RX1_IRQHandler
                0x08000c88                PVD_IRQHandler
                0x08000c88                TAMP_STAMP_IRQHandler
                0x08000c88                CAN2_RX1_IRQHandler
                0x08000c88                EXTI3_IRQHandler
                0x08000c88                TIM8_TRG_COM_TIM14_IRQHandler
                0x08000c88                DFSDM1_FLT1_IRQHandler
                0x08000c88                TIM1_UP_TIM10_IRQHandler
                0x08000c88                TIM8_UP_TIM13_IRQHandler
                0x08000c88                I2C3_ER_IRQHandler
                0x08000c88                DFSDM1_FLT2_IRQHandler
                0x08000c88                EXTI0_IRQHandler
                0x08000c88                I2C2_EV_IRQHandler
                0x08000c88                DMA1_Stream2_IRQHandler
                0x08000c88                FPU_IRQHandler
                0x08000c88                OTG_HS_WKUP_IRQHandler
                0x08000c88                CAN3_SCE_IRQHandler
                0x08000c88                LTDC_ER_IRQHandler
                0x08000c88                CAN2_SCE_IRQHandler
                0x08000c88                DMA2_Stream2_IRQHandler
                0x08000c88                SPI1_IRQHandler
                0x08000c88                TIM1_BRK_TIM9_IRQHandler
                0x08000c88                DCMI_IRQHandler
                0x08000c88                CAN2_RX0_IRQHandler
                0x08000c88                DMA2_Stream3_IRQHandler
                0x08000c88                SAI2_IRQHandler
                0x08000c88                DFSDM1_FLT3_IRQHandler
                0x08000c88                USART6_IRQHandler
                0x08000c88                CAN3_RX0_IRQHandler
                0x08000c88                USART3_IRQHandler
                0x08000c88                CAN1_RX1_IRQHandler
                0x08000c88                UART5_IRQHandler
                0x08000c88                DMA2_Stream0_IRQHandler
                0x08000c88                TIM4_IRQHandler
                0x08000c88                QUADSPI_IRQHandler
                0x08000c88                I2C1_EV_IRQHandler
                0x08000c88                DMA1_Stream6_IRQHandler
                0x08000c88                DMA1_Stream1_IRQHandler
                0x08000c88                UART4_IRQHandler
                0x08000c88                TIM3_IRQHandler
                0x08000c88                RCC_IRQHandler
                0x08000c88                TIM8_BRK_TIM12_IRQHandler
                0x08000c88                Default_Handler
                0x08000c88                CEC_IRQHandler
                0x08000c88                EXTI15_10_IRQHandler
                0x08000c88                ADC_IRQHandler
                0x08000c88                DMA1_Stream7_IRQHandler
                0x08000c88                SPI5_IRQHandler
                0x08000c88                TIM7_IRQHandler
                0x08000c88                SDMMC1_IRQHandler
                0x08000c88                CAN2_TX_IRQHandler
                0x08000c88                TIM5_IRQHandler
                0x08000c88                DMA2_Stream7_IRQHandler
                0x08000c88                I2C3_EV_IRQHandler
                0x08000c88                EXTI9_5_IRQHandler
                0x08000c88                RTC_WKUP_IRQHandler
                0x08000c88                LTDC_IRQHandler
                0x08000c88                ETH_WKUP_IRQHandler
                0x08000c88                SPDIF_RX_IRQHandler
                0x08000c88                SPI2_IRQHandler
                0x08000c88                OTG_HS_EP1_IN_IRQHandler
                0x08000c88                DMA1_Stream0_IRQHandler
                0x08000c88                CAN1_TX_IRQHandler
                0x08000c88                EXTI4_IRQHandler
                0x08000c88                RNG_IRQHandler
                0x08000c88                ETH_IRQHandler
                0x08000c88                OTG_HS_EP1_OUT_IRQHandler
                0x08000c88                WWDG_IRQHandler
                0x08000c88                SPI6_IRQHandler
                0x08000c88                MDIOS_IRQHandler
                0x08000c88                I2C4_EV_IRQHandler
                0x08000c88                CAN3_TX_IRQHandler
                0x08000c88                TIM2_IRQHandler
                0x08000c88                OTG_FS_WKUP_IRQHandler
                0x08000c88                TIM1_TRG_COM_TIM11_IRQHandler
                0x08000c88                OTG_HS_IRQHandler
                0x08000c88                DMA2D_IRQHandler
                0x08000c88                EXTI1_IRQHandler
                0x08000c88                SDMMC2_IRQHandler
                0x08000c88                UART7_IRQHandler
                0x08000c88                USART2_IRQHandler
                0x08000c88                DFSDM1_FLT0_IRQHandler
                0x08000c88                I2C2_ER_IRQHandler
                0x08000c88                DMA2_Stream1_IRQHandler
                0x08000c88                CAN1_SCE_IRQHandler
                0x08000c88                FLASH_IRQHandler
                0x08000c88                DMA2_Stream4_IRQHandler
                0x08000c88                USART1_IRQHandler
                0x08000c88                OTG_FS_IRQHandler
                0x08000c88                SPI3_IRQHandler
                0x08000c88                DMA1_Stream4_IRQHandler
                0x08000c88                I2C1_ER_IRQHandler
                0x08000c88                FMC_IRQHandler
                0x08000c88                LPTIM1_IRQHandler
                0x08000c88                I2C4_ER_IRQHandler
                0x08000c88                DMA2_Stream6_IRQHandler
                0x08000c88                SAI1_IRQHandler
                0x08000c88                DMA1_Stream3_IRQHandler
 .text.HAL_Init
                0x08000c8a       0x16 CMakeFiles/RoboMaster.elf.dir/Drivers/STM32F7xx_HAL_Driver/Src/stm32f7xx_hal.c.obj
                0x08000c8a                HAL_Init
 .text.HAL_IncTick
                0x08000ca0       0x18 CMakeFiles/RoboMaster.elf.dir/Drivers/STM32F7xx_HAL_Driver/Src/stm32f7xx_hal.c.obj
                0x08000ca0                HAL_IncTick
 .text.HAL_GetTick
                0x08000cb8        0xc CMakeFiles/RoboMaster.elf.dir/Drivers/STM32F7xx_HAL_Driver/Src/stm32f7xx_hal.c.obj
                0x08000cb8                HAL_GetTick
 .text.HAL_Delay
                0x08000cc4       0x28 CMakeFiles/RoboMaster.elf.dir/Drivers/STM32F7xx_HAL_Driver/Src/stm32f7xx_hal.c.obj
                0x08000cc4                HAL_Delay
 .text.HAL_CAN_Init
                0x08000cec      0x14c CMakeFiles/RoboMaster.elf.dir/Drivers/STM32F7xx_HAL_Driver/Src/stm32f7xx_hal_can.c.obj
                0x08000cec                HAL_CAN_Init
 .text.HAL_CAN_ConfigFilter
                0x08000e38      0x13c CMakeFiles/RoboMaster.elf.dir/Drivers/STM32F7xx_HAL_Driver/Src/stm32f7xx_hal_can.c.obj
                0x08000e38                HAL_CAN_ConfigFilter
 .text.HAL_CAN_Start
                0x08000f74       0x5c CMakeFiles/RoboMaster.elf.dir/Drivers/STM32F7xx_HAL_Driver/Src/stm32f7xx_hal_can.c.obj
                0x08000f74                HAL_CAN_Start
 .text.HAL_CAN_AddTxMessage
                0x08000fd0       0xea CMakeFiles/RoboMaster.elf.dir/Drivers/STM32F7xx_HAL_Driver/Src/stm32f7xx_hal_can.c.obj
                0x08000fd0                HAL_CAN_AddTxMessage
 .text.HAL_CAN_GetTxMailboxesFreeLevel
                0x080010ba       0x32 CMakeFiles/RoboMaster.elf.dir/Drivers/STM32F7xx_HAL_Driver/Src/stm32f7xx_hal_can.c.obj
                0x080010ba                HAL_CAN_GetTxMailboxesFreeLevel
 .text.HAL_CAN_GetRxMessage
                0x080010ec      0x14a CMakeFiles/RoboMaster.elf.dir/Drivers/STM32F7xx_HAL_Driver/Src/stm32f7xx_hal_can.c.obj
                0x080010ec                HAL_CAN_GetRxMessage
 .text.HAL_CAN_ActivateNotification
                0x08001236       0x24 CMakeFiles/RoboMaster.elf.dir/Drivers/STM32F7xx_HAL_Driver/Src/stm32f7xx_hal_can.c.obj
                0x08001236                HAL_CAN_ActivateNotification
 .text.HAL_CAN_TxMailbox0CompleteCallback
                0x0800125a        0x2 CMakeFiles/RoboMaster.elf.dir/Drivers/STM32F7xx_HAL_Driver/Src/stm32f7xx_hal_can.c.obj
                0x0800125a                HAL_CAN_TxMailbox0CompleteCallback
 .text.HAL_CAN_TxMailbox1CompleteCallback
                0x0800125c        0x2 CMakeFiles/RoboMaster.elf.dir/Drivers/STM32F7xx_HAL_Driver/Src/stm32f7xx_hal_can.c.obj
                0x0800125c                HAL_CAN_TxMailbox1CompleteCallback
 .text.HAL_CAN_TxMailbox2CompleteCallback
                0x0800125e        0x2 CMakeFiles/RoboMaster.elf.dir/Drivers/STM32F7xx_HAL_Driver/Src/stm32f7xx_hal_can.c.obj
                0x0800125e                HAL_CAN_TxMailbox2CompleteCallback
 .text.HAL_CAN_TxMailbox0AbortCallback
                0x08001260        0x2 CMakeFiles/RoboMaster.elf.dir/Drivers/STM32F7xx_HAL_Driver/Src/stm32f7xx_hal_can.c.obj
                0x08001260                HAL_CAN_TxMailbox0AbortCallback
 .text.HAL_CAN_TxMailbox1AbortCallback
                0x08001262        0x2 CMakeFiles/RoboMaster.elf.dir/Drivers/STM32F7xx_HAL_Driver/Src/stm32f7xx_hal_can.c.obj
                0x08001262                HAL_CAN_TxMailbox1AbortCallback
 .text.HAL_CAN_TxMailbox2AbortCallback
                0x08001264        0x2 CMakeFiles/RoboMaster.elf.dir/Drivers/STM32F7xx_HAL_Driver/Src/stm32f7xx_hal_can.c.obj
                0x08001264                HAL_CAN_TxMailbox2AbortCallback
 .text.HAL_CAN_RxFifo0FullCallback
                0x08001266        0x2 CMakeFiles/RoboMaster.elf.dir/Drivers/STM32F7xx_HAL_Driver/Src/stm32f7xx_hal_can.c.obj
                0x08001266                HAL_CAN_RxFifo0FullCallback
 .text.HAL_CAN_RxFifo1MsgPendingCallback
                0x08001268        0x2 CMakeFiles/RoboMaster.elf.dir/Drivers/STM32F7xx_HAL_Driver/Src/stm32f7xx_hal_can.c.obj
                0x08001268                HAL_CAN_RxFifo1MsgPendingCallback
 .text.HAL_CAN_RxFifo1FullCallback
                0x0800126a        0x2 CMakeFiles/RoboMaster.elf.dir/Drivers/STM32F7xx_HAL_Driver/Src/stm32f7xx_hal_can.c.obj
                0x0800126a                HAL_CAN_RxFifo1FullCallback
 .text.HAL_CAN_SleepCallback
                0x0800126c        0x2 CMakeFiles/RoboMaster.elf.dir/Drivers/STM32F7xx_HAL_Driver/Src/stm32f7xx_hal_can.c.obj
                0x0800126c                HAL_CAN_SleepCallback
 .text.HAL_CAN_WakeUpFromRxMsgCallback
                0x0800126e        0x2 CMakeFiles/RoboMaster.elf.dir/Drivers/STM32F7xx_HAL_Driver/Src/stm32f7xx_hal_can.c.obj
                0x0800126e                HAL_CAN_WakeUpFromRxMsgCallback
 .text.HAL_CAN_ErrorCallback
                0x08001270        0x2 CMakeFiles/RoboMaster.elf.dir/Drivers/STM32F7xx_HAL_Driver/Src/stm32f7xx_hal_can.c.obj
                0x08001270                HAL_CAN_ErrorCallback
 .text.HAL_CAN_IRQHandler
                0x08001272      0x24a CMakeFiles/RoboMaster.elf.dir/Drivers/STM32F7xx_HAL_Driver/Src/stm32f7xx_hal_can.c.obj
                0x08001272                HAL_CAN_IRQHandler
 .text.__NVIC_SetPriority
                0x080014bc       0x24 CMakeFiles/RoboMaster.elf.dir/Drivers/STM32F7xx_HAL_Driver/Src/stm32f7xx_hal_cortex.c.obj
 .text.NVIC_EncodePriority
                0x080014e0       0x3e CMakeFiles/RoboMaster.elf.dir/Drivers/STM32F7xx_HAL_Driver/Src/stm32f7xx_hal_cortex.c.obj
 *fill*         0x0800151e        0x2 
 .text.HAL_NVIC_SetPriorityGrouping
                0x08001520       0x24 CMakeFiles/RoboMaster.elf.dir/Drivers/STM32F7xx_HAL_Driver/Src/stm32f7xx_hal_cortex.c.obj
                0x08001520                HAL_NVIC_SetPriorityGrouping
 .text.HAL_NVIC_SetPriority
                0x08001544       0x20 CMakeFiles/RoboMaster.elf.dir/Drivers/STM32F7xx_HAL_Driver/Src/stm32f7xx_hal_cortex.c.obj
                0x08001544                HAL_NVIC_SetPriority
 .text.HAL_NVIC_EnableIRQ
                0x08001564       0x1c CMakeFiles/RoboMaster.elf.dir/Drivers/STM32F7xx_HAL_Driver/Src/stm32f7xx_hal_cortex.c.obj
                0x08001564                HAL_NVIC_EnableIRQ
 .text.HAL_GPIO_Init
                0x08001580      0x204 CMakeFiles/RoboMaster.elf.dir/Drivers/STM32F7xx_HAL_Driver/Src/stm32f7xx_hal_gpio.c.obj
                0x08001580                HAL_GPIO_Init
 .text.HAL_GPIO_WritePin
                0x08001784        0xc CMakeFiles/RoboMaster.elf.dir/Drivers/STM32F7xx_HAL_Driver/Src/stm32f7xx_hal_gpio.c.obj
                0x08001784                HAL_GPIO_WritePin
 .text.HAL_GPIO_TogglePin
                0x08001790       0x12 CMakeFiles/RoboMaster.elf.dir/Drivers/STM32F7xx_HAL_Driver/Src/stm32f7xx_hal_gpio.c.obj
                0x08001790                HAL_GPIO_TogglePin
 .text.HAL_PCD_Init
                0x080017a2      0x13c CMakeFiles/RoboMaster.elf.dir/Drivers/STM32F7xx_HAL_Driver/Src/stm32f7xx_hal_pcd.c.obj
                0x080017a2                HAL_PCD_Init
 *fill*         0x080018de        0x2 
 .text.HAL_PCDEx_ActivateLPM
                0x080018e0       0x28 CMakeFiles/RoboMaster.elf.dir/Drivers/STM32F7xx_HAL_Driver/Src/stm32f7xx_hal_pcd_ex.c.obj
                0x080018e0                HAL_PCDEx_ActivateLPM
 .text.HAL_PWR_EnableBkUpAccess
                0x08001908       0x10 CMakeFiles/RoboMaster.elf.dir/Drivers/STM32F7xx_HAL_Driver/Src/stm32f7xx_hal_pwr.c.obj
                0x08001908                HAL_PWR_EnableBkUpAccess
 .text.HAL_PWREx_EnableOverDrive
                0x08001918       0x7c CMakeFiles/RoboMaster.elf.dir/Drivers/STM32F7xx_HAL_Driver/Src/stm32f7xx_hal_pwr_ex.c.obj
                0x08001918                HAL_PWREx_EnableOverDrive
 .text.HAL_RCC_OscConfig
                0x08001994      0x444 CMakeFiles/RoboMaster.elf.dir/Drivers/STM32F7xx_HAL_Driver/Src/stm32f7xx_hal_rcc.c.obj
                0x08001994                HAL_RCC_OscConfig
 .text.HAL_RCC_GetSysClockFreq
                0x08001dd8       0xdc CMakeFiles/RoboMaster.elf.dir/Drivers/STM32F7xx_HAL_Driver/Src/stm32f7xx_hal_rcc.c.obj
                0x08001dd8                HAL_RCC_GetSysClockFreq
 .text.HAL_RCC_ClockConfig
                0x08001eb4      0x16c CMakeFiles/RoboMaster.elf.dir/Drivers/STM32F7xx_HAL_Driver/Src/stm32f7xx_hal_rcc.c.obj
                0x08001eb4                HAL_RCC_ClockConfig
 .text.HAL_RCC_GetHCLKFreq
                0x08002020        0xc CMakeFiles/RoboMaster.elf.dir/Drivers/STM32F7xx_HAL_Driver/Src/stm32f7xx_hal_rcc.c.obj
                0x08002020                HAL_RCC_GetHCLKFreq
 .text.HAL_RCC_GetPCLK1Freq
                0x0800202c       0x20 CMakeFiles/RoboMaster.elf.dir/Drivers/STM32F7xx_HAL_Driver/Src/stm32f7xx_hal_rcc.c.obj
                0x0800202c                HAL_RCC_GetPCLK1Freq
 .text.HAL_RCC_GetPCLK2Freq
                0x0800204c       0x20 CMakeFiles/RoboMaster.elf.dir/Drivers/STM32F7xx_HAL_Driver/Src/stm32f7xx_hal_rcc.c.obj
                0x0800204c                HAL_RCC_GetPCLK2Freq
 .text.HAL_RCC_GetClockConfig
                0x0800206c       0x3c CMakeFiles/RoboMaster.elf.dir/Drivers/STM32F7xx_HAL_Driver/Src/stm32f7xx_hal_rcc.c.obj
                0x0800206c                HAL_RCC_GetClockConfig
 .text.HAL_RCCEx_PeriphCLKConfig
                0x080020a8      0x600 CMakeFiles/RoboMaster.elf.dir/Drivers/STM32F7xx_HAL_Driver/Src/stm32f7xx_hal_rcc_ex.c.obj
                0x080020a8                HAL_RCCEx_PeriphCLKConfig
 .text.HAL_TIM_Base_MspInit
                0x080026a8        0x2 CMakeFiles/RoboMaster.elf.dir/Drivers/STM32F7xx_HAL_Driver/Src/stm32f7xx_hal_tim.c.obj
                0x080026a8                HAL_TIM_Base_MspInit
 *fill*         0x080026aa        0x2 
 .text.HAL_TIM_Base_Start_IT
                0x080026ac       0x90 CMakeFiles/RoboMaster.elf.dir/Drivers/STM32F7xx_HAL_Driver/Src/stm32f7xx_hal_tim.c.obj
                0x080026ac                HAL_TIM_Base_Start_IT
 .text.HAL_TIM_OC_DelayElapsedCallback
                0x0800273c        0x2 CMakeFiles/RoboMaster.elf.dir/Drivers/STM32F7xx_HAL_Driver/Src/stm32f7xx_hal_tim.c.obj
                0x0800273c                HAL_TIM_OC_DelayElapsedCallback
 .text.HAL_TIM_IC_CaptureCallback
                0x0800273e        0x2 CMakeFiles/RoboMaster.elf.dir/Drivers/STM32F7xx_HAL_Driver/Src/stm32f7xx_hal_tim.c.obj
                0x0800273e                HAL_TIM_IC_CaptureCallback
 .text.HAL_TIM_PWM_PulseFinishedCallback
                0x08002740        0x2 CMakeFiles/RoboMaster.elf.dir/Drivers/STM32F7xx_HAL_Driver/Src/stm32f7xx_hal_tim.c.obj
                0x08002740                HAL_TIM_PWM_PulseFinishedCallback
 .text.HAL_TIM_TriggerCallback
                0x08002742        0x2 CMakeFiles/RoboMaster.elf.dir/Drivers/STM32F7xx_HAL_Driver/Src/stm32f7xx_hal_tim.c.obj
                0x08002742                HAL_TIM_TriggerCallback
 .text.HAL_TIM_IRQHandler
                0x08002744      0x19a CMakeFiles/RoboMaster.elf.dir/Drivers/STM32F7xx_HAL_Driver/Src/stm32f7xx_hal_tim.c.obj
                0x08002744                HAL_TIM_IRQHandler
 *fill*         0x080028de        0x2 
 .text.TIM_Base_SetConfig
                0x080028e0      0x110 CMakeFiles/RoboMaster.elf.dir/Drivers/STM32F7xx_HAL_Driver/Src/stm32f7xx_hal_tim.c.obj
                0x080028e0                TIM_Base_SetConfig
 .text.HAL_TIM_Base_Init
                0x080029f0       0x60 CMakeFiles/RoboMaster.elf.dir/Drivers/STM32F7xx_HAL_Driver/Src/stm32f7xx_hal_tim.c.obj
                0x080029f0                HAL_TIM_Base_Init
 .text.HAL_TIMEx_CommutCallback
                0x08002a50        0x2 CMakeFiles/RoboMaster.elf.dir/Drivers/STM32F7xx_HAL_Driver/Src/stm32f7xx_hal_tim_ex.c.obj
                0x08002a50                HAL_TIMEx_CommutCallback
 .text.HAL_TIMEx_BreakCallback
                0x08002a52        0x2 CMakeFiles/RoboMaster.elf.dir/Drivers/STM32F7xx_HAL_Driver/Src/stm32f7xx_hal_tim_ex.c.obj
                0x08002a52                HAL_TIMEx_BreakCallback
 .text.HAL_TIMEx_Break2Callback
                0x08002a54        0x2 CMakeFiles/RoboMaster.elf.dir/Drivers/STM32F7xx_HAL_Driver/Src/stm32f7xx_hal_tim_ex.c.obj
                0x08002a54                HAL_TIMEx_Break2Callback
 *fill*         0x08002a56        0x2 
 .text.UART_SetConfig
                0x08002a58      0x330 CMakeFiles/RoboMaster.elf.dir/Drivers/STM32F7xx_HAL_Driver/Src/stm32f7xx_hal_uart.c.obj
                0x08002a58                UART_SetConfig
 .text.UART_AdvFeatureConfig
                0x08002d88       0xca CMakeFiles/RoboMaster.elf.dir/Drivers/STM32F7xx_HAL_Driver/Src/stm32f7xx_hal_uart.c.obj
                0x08002d88                UART_AdvFeatureConfig
 .text.UART_WaitOnFlagUntilTimeout
                0x08002e52       0xd4 CMakeFiles/RoboMaster.elf.dir/Drivers/STM32F7xx_HAL_Driver/Src/stm32f7xx_hal_uart.c.obj
                0x08002e52                UART_WaitOnFlagUntilTimeout
 .text.UART_CheckIdleState
                0x08002f26       0x74 CMakeFiles/RoboMaster.elf.dir/Drivers/STM32F7xx_HAL_Driver/Src/stm32f7xx_hal_uart.c.obj
                0x08002f26                UART_CheckIdleState
 .text.HAL_UART_Init
                0x08002f9a       0x62 CMakeFiles/RoboMaster.elf.dir/Drivers/STM32F7xx_HAL_Driver/Src/stm32f7xx_hal_uart.c.obj
                0x08002f9a                HAL_UART_Init
 .text.USB_CoreReset
                0x08002ffc       0x50 CMakeFiles/RoboMaster.elf.dir/Drivers/STM32F7xx_HAL_Driver/Src/stm32f7xx_ll_usb.c.obj
 .text.USB_CoreInit
                0x0800304c       0x7c CMakeFiles/RoboMaster.elf.dir/Drivers/STM32F7xx_HAL_Driver/Src/stm32f7xx_ll_usb.c.obj
                0x0800304c                USB_CoreInit
 .text.USB_DisableGlobalInt
                0x080030c8        0xc CMakeFiles/RoboMaster.elf.dir/Drivers/STM32F7xx_HAL_Driver/Src/stm32f7xx_ll_usb.c.obj
                0x080030c8                USB_DisableGlobalInt
 .text.USB_FlushTxFifo
                0x080030d4       0x50 CMakeFiles/RoboMaster.elf.dir/Drivers/STM32F7xx_HAL_Driver/Src/stm32f7xx_ll_usb.c.obj
                0x080030d4                USB_FlushTxFifo
 .text.USB_FlushRxFifo
                0x08003124       0x4c CMakeFiles/RoboMaster.elf.dir/Drivers/STM32F7xx_HAL_Driver/Src/stm32f7xx_ll_usb.c.obj
                0x08003124                USB_FlushRxFifo
 .text.USB_SetDevSpeed
                0x08003170        0xe CMakeFiles/RoboMaster.elf.dir/Drivers/STM32F7xx_HAL_Driver/Src/stm32f7xx_ll_usb.c.obj
                0x08003170                USB_SetDevSpeed
 *fill*         0x0800317e        0x2 
 .text.USB_DevInit
                0x08003180      0x188 CMakeFiles/RoboMaster.elf.dir/Drivers/STM32F7xx_HAL_Driver/Src/stm32f7xx_ll_usb.c.obj
                0x08003180                USB_DevInit
 .text.USB_DevDisconnect
                0x08003308       0x1c CMakeFiles/RoboMaster.elf.dir/Drivers/STM32F7xx_HAL_Driver/Src/stm32f7xx_ll_usb.c.obj
                0x08003308                USB_DevDisconnect
 .text.USB_GetMode
                0x08003324        0x8 CMakeFiles/RoboMaster.elf.dir/Drivers/STM32F7xx_HAL_Driver/Src/stm32f7xx_ll_usb.c.obj
                0x08003324                USB_GetMode
 .text.USB_SetCurrentMode
                0x0800332c       0x62 CMakeFiles/RoboMaster.elf.dir/Drivers/STM32F7xx_HAL_Driver/Src/stm32f7xx_ll_usb.c.obj
                0x0800332c                USB_SetCurrentMode
 *fill*         0x0800338e        0x2 
 .text.osKernelInitialize
                0x08003390       0x3c CMakeFiles/RoboMaster.elf.dir/Middlewares/Third_Party/FreeRTOS/Source/CMSIS_RTOS_V2/cmsis_os2.c.obj
                0x08003390                osKernelInitialize
 .text.osKernelStart
                0x080033cc       0x48 CMakeFiles/RoboMaster.elf.dir/Middlewares/Third_Party/FreeRTOS/Source/CMSIS_RTOS_V2/cmsis_os2.c.obj
                0x080033cc                osKernelStart
 .text.osThreadNew
                0x08003414       0xd8 CMakeFiles/RoboMaster.elf.dir/Middlewares/Third_Party/FreeRTOS/Source/CMSIS_RTOS_V2/cmsis_os2.c.obj
                0x08003414                osThreadNew
 .text.osDelay  0x080034ec       0x3c CMakeFiles/RoboMaster.elf.dir/Middlewares/Third_Party/FreeRTOS/Source/CMSIS_RTOS_V2/cmsis_os2.c.obj
                0x080034ec                osDelay
 .text.vApplicationGetIdleTaskMemory
                0x08003528       0x18 CMakeFiles/RoboMaster.elf.dir/Middlewares/Third_Party/FreeRTOS/Source/CMSIS_RTOS_V2/cmsis_os2.c.obj
                0x08003528                vApplicationGetIdleTaskMemory
 .text.vApplicationGetTimerTaskMemory
                0x08003540       0x18 CMakeFiles/RoboMaster.elf.dir/Middlewares/Third_Party/FreeRTOS/Source/CMSIS_RTOS_V2/cmsis_os2.c.obj
                0x08003540                vApplicationGetTimerTaskMemory
 .text.vListInitialise
                0x08003558       0x16 CMakeFiles/RoboMaster.elf.dir/Middlewares/Third_Party/FreeRTOS/Source/list.c.obj
                0x08003558                vListInitialise
 .text.vListInitialiseItem
                0x0800356e        0x6 CMakeFiles/RoboMaster.elf.dir/Middlewares/Third_Party/FreeRTOS/Source/list.c.obj
                0x0800356e                vListInitialiseItem
 .text.vListInsertEnd
                0x08003574       0x16 CMakeFiles/RoboMaster.elf.dir/Middlewares/Third_Party/FreeRTOS/Source/list.c.obj
                0x08003574                vListInsertEnd
 .text.vListInsert
                0x0800358a       0x32 CMakeFiles/RoboMaster.elf.dir/Middlewares/Third_Party/FreeRTOS/Source/list.c.obj
                0x0800358a                vListInsert
 .text.uxListRemove
                0x080035bc       0x26 CMakeFiles/RoboMaster.elf.dir/Middlewares/Third_Party/FreeRTOS/Source/list.c.obj
                0x080035bc                uxListRemove
 *fill*         0x080035e2        0x2 
 .text.prvTaskExitError
                0x080035e4       0x48 CMakeFiles/RoboMaster.elf.dir/Middlewares/Third_Party/FreeRTOS/Source/portable/GCC/ARM_CM7/r0p1/port.c.obj
 .text.prvPortStartFirstTask
                0x0800362c       0x28 CMakeFiles/RoboMaster.elf.dir/Middlewares/Third_Party/FreeRTOS/Source/portable/GCC/ARM_CM7/r0p1/port.c.obj
 .text.vPortEnableVFP
                0x08003654       0x14 CMakeFiles/RoboMaster.elf.dir/Middlewares/Third_Party/FreeRTOS/Source/portable/GCC/ARM_CM7/r0p1/port.c.obj
 .text.pxPortInitialiseStack
                0x08003668       0x2c CMakeFiles/RoboMaster.elf.dir/Middlewares/Third_Party/FreeRTOS/Source/portable/GCC/ARM_CM7/r0p1/port.c.obj
                0x08003668                pxPortInitialiseStack
 *fill*         0x08003694        0xc 
 .text.SVC_Handler
                0x080036a0       0x24 CMakeFiles/RoboMaster.elf.dir/Middlewares/Third_Party/FreeRTOS/Source/portable/GCC/ARM_CM7/r0p1/port.c.obj
                0x080036a0                SVC_Handler
 .text.vPortEnterCritical
                0x080036c4       0x4c CMakeFiles/RoboMaster.elf.dir/Middlewares/Third_Party/FreeRTOS/Source/portable/GCC/ARM_CM7/r0p1/port.c.obj
                0x080036c4                vPortEnterCritical
 .text.vPortExitCritical
                0x08003710       0x30 CMakeFiles/RoboMaster.elf.dir/Middlewares/Third_Party/FreeRTOS/Source/portable/GCC/ARM_CM7/r0p1/port.c.obj
                0x08003710                vPortExitCritical
 .text.PendSV_Handler
                0x08003740       0x64 CMakeFiles/RoboMaster.elf.dir/Middlewares/Third_Party/FreeRTOS/Source/portable/GCC/ARM_CM7/r0p1/port.c.obj
                0x08003740                PendSV_Handler
 .text.SysTick_Handler
                0x080037a4       0x30 CMakeFiles/RoboMaster.elf.dir/Middlewares/Third_Party/FreeRTOS/Source/portable/GCC/ARM_CM7/r0p1/port.c.obj
                0x080037a4                SysTick_Handler
 .text.vPortSetupTimerInterrupt
                0x080037d4       0x28 CMakeFiles/RoboMaster.elf.dir/Middlewares/Third_Party/FreeRTOS/Source/portable/GCC/ARM_CM7/r0p1/port.c.obj
                0x080037d4                vPortSetupTimerInterrupt
 .text.xPortStartScheduler
                0x080037fc       0xd4 CMakeFiles/RoboMaster.elf.dir/Middlewares/Third_Party/FreeRTOS/Source/portable/GCC/ARM_CM7/r0p1/port.c.obj
                0x080037fc                xPortStartScheduler
 .text.vPortValidateInterruptPriority
                0x080038d0       0x64 CMakeFiles/RoboMaster.elf.dir/Middlewares/Third_Party/FreeRTOS/Source/portable/GCC/ARM_CM7/r0p1/port.c.obj
                0x080038d0                vPortValidateInterruptPriority
 .text.prvHeapInit
                0x08003934       0x64 CMakeFiles/RoboMaster.elf.dir/Middlewares/Third_Party/FreeRTOS/Source/portable/MemMang/heap_4.c.obj
 .text.prvInsertBlockIntoFreeList
                0x08003998       0x64 CMakeFiles/RoboMaster.elf.dir/Middlewares/Third_Party/FreeRTOS/Source/portable/MemMang/heap_4.c.obj
 .text.pvPortMalloc
                0x080039fc      0x100 CMakeFiles/RoboMaster.elf.dir/Middlewares/Third_Party/FreeRTOS/Source/portable/MemMang/heap_4.c.obj
                0x080039fc                pvPortMalloc
 .text.vPortFree
                0x08003afc       0x78 CMakeFiles/RoboMaster.elf.dir/Middlewares/Third_Party/FreeRTOS/Source/portable/MemMang/heap_4.c.obj
                0x08003afc                vPortFree
 .text.prvIsQueueFull
                0x08003b74       0x1e CMakeFiles/RoboMaster.elf.dir/Middlewares/Third_Party/FreeRTOS/Source/queue.c.obj
 .text.prvIsQueueEmpty
                0x08003b92       0x1a CMakeFiles/RoboMaster.elf.dir/Middlewares/Third_Party/FreeRTOS/Source/queue.c.obj
 .text.prvCopyDataToQueue
                0x08003bac       0x76 CMakeFiles/RoboMaster.elf.dir/Middlewares/Third_Party/FreeRTOS/Source/queue.c.obj
 .text.prvCopyDataFromQueue
                0x08003c22       0x24 CMakeFiles/RoboMaster.elf.dir/Middlewares/Third_Party/FreeRTOS/Source/queue.c.obj
 .text.prvUnlockQueue
                0x08003c46       0x6e CMakeFiles/RoboMaster.elf.dir/Middlewares/Third_Party/FreeRTOS/Source/queue.c.obj
 .text.xQueueGenericReset
                0x08003cb4       0x88 CMakeFiles/RoboMaster.elf.dir/Middlewares/Third_Party/FreeRTOS/Source/queue.c.obj
                0x08003cb4                xQueueGenericReset
 .text.prvInitialiseNewQueue
                0x08003d3c       0x22 CMakeFiles/RoboMaster.elf.dir/Middlewares/Third_Party/FreeRTOS/Source/queue.c.obj
 .text.xQueueGenericCreateStatic
                0x08003d5e       0xba CMakeFiles/RoboMaster.elf.dir/Middlewares/Third_Party/FreeRTOS/Source/queue.c.obj
                0x08003d5e                xQueueGenericCreateStatic
 .text.xQueueGenericSend
                0x08003e18      0x198 CMakeFiles/RoboMaster.elf.dir/Middlewares/Third_Party/FreeRTOS/Source/queue.c.obj
                0x08003e18                xQueueGenericSend
 .text.xQueueGenericSendFromISR
                0x08003fb0       0xdc CMakeFiles/RoboMaster.elf.dir/Middlewares/Third_Party/FreeRTOS/Source/queue.c.obj
                0x08003fb0                xQueueGenericSendFromISR
 .text.xQueueReceive
                0x0800408c      0x16a CMakeFiles/RoboMaster.elf.dir/Middlewares/Third_Party/FreeRTOS/Source/queue.c.obj
                0x0800408c                xQueueReceive
 *fill*         0x080041f6        0x2 
 .text.vQueueAddToRegistry
                0x080041f8       0x28 CMakeFiles/RoboMaster.elf.dir/Middlewares/Third_Party/FreeRTOS/Source/queue.c.obj
                0x080041f8                vQueueAddToRegistry
 .text.vQueueWaitForMessageRestricted
                0x08004220       0x52 CMakeFiles/RoboMaster.elf.dir/Middlewares/Third_Party/FreeRTOS/Source/queue.c.obj
                0x08004220                vQueueWaitForMessageRestricted
 *fill*         0x08004272        0x2 
 .text.prvResetNextTaskUnblockTime
                0x08004274       0x2c CMakeFiles/RoboMaster.elf.dir/Middlewares/Third_Party/FreeRTOS/Source/tasks.c.obj
 .text.prvInitialiseNewTask
                0x080042a0      0x104 CMakeFiles/RoboMaster.elf.dir/Middlewares/Third_Party/FreeRTOS/Source/tasks.c.obj
 .text.prvInitialiseTaskLists
                0x080043a4       0x68 CMakeFiles/RoboMaster.elf.dir/Middlewares/Third_Party/FreeRTOS/Source/tasks.c.obj
 .text.prvAddNewTaskToReadyList
                0x0800440c       0xac CMakeFiles/RoboMaster.elf.dir/Middlewares/Third_Party/FreeRTOS/Source/tasks.c.obj
 .text.prvDeleteTCB
                0x080044b8       0x44 CMakeFiles/RoboMaster.elf.dir/Middlewares/Third_Party/FreeRTOS/Source/tasks.c.obj
 .text.prvCheckTasksWaitingTermination
                0x080044fc       0x4c CMakeFiles/RoboMaster.elf.dir/Middlewares/Third_Party/FreeRTOS/Source/tasks.c.obj
 .text.prvIdleTask
                0x08004548       0x28 CMakeFiles/RoboMaster.elf.dir/Middlewares/Third_Party/FreeRTOS/Source/tasks.c.obj
 .text.prvAddCurrentTaskToDelayedList
                0x08004570       0x84 CMakeFiles/RoboMaster.elf.dir/Middlewares/Third_Party/FreeRTOS/Source/tasks.c.obj
 .text.xTaskCreateStatic
                0x080045f4       0x86 CMakeFiles/RoboMaster.elf.dir/Middlewares/Third_Party/FreeRTOS/Source/tasks.c.obj
                0x080045f4                xTaskCreateStatic
 .text.xTaskCreate
                0x0800467a       0x66 CMakeFiles/RoboMaster.elf.dir/Middlewares/Third_Party/FreeRTOS/Source/tasks.c.obj
                0x0800467a                xTaskCreate
 .text.vTaskStartScheduler
                0x080046e0       0xb4 CMakeFiles/RoboMaster.elf.dir/Middlewares/Third_Party/FreeRTOS/Source/tasks.c.obj
                0x080046e0                vTaskStartScheduler
 .text.vTaskSuspendAll
                0x08004794       0x10 CMakeFiles/RoboMaster.elf.dir/Middlewares/Third_Party/FreeRTOS/Source/tasks.c.obj
                0x08004794                vTaskSuspendAll
 .text.xTaskGetTickCount
                0x080047a4        0xc CMakeFiles/RoboMaster.elf.dir/Middlewares/Third_Party/FreeRTOS/Source/tasks.c.obj
                0x080047a4                xTaskGetTickCount
 .text.xTaskIncrementTick
                0x080047b0      0x11c CMakeFiles/RoboMaster.elf.dir/Middlewares/Third_Party/FreeRTOS/Source/tasks.c.obj
                0x080047b0                xTaskIncrementTick
 .text.xTaskResumeAll
                0x080048cc       0xfc CMakeFiles/RoboMaster.elf.dir/Middlewares/Third_Party/FreeRTOS/Source/tasks.c.obj
                0x080048cc                xTaskResumeAll
 .text.vTaskDelay
                0x080049c8       0x50 CMakeFiles/RoboMaster.elf.dir/Middlewares/Third_Party/FreeRTOS/Source/tasks.c.obj
                0x080049c8                vTaskDelay
 .text.vTaskSwitchContext
                0x08004a18       0xa8 CMakeFiles/RoboMaster.elf.dir/Middlewares/Third_Party/FreeRTOS/Source/tasks.c.obj
                0x08004a18                vTaskSwitchContext
 .text.vTaskPlaceOnEventList
                0x08004ac0       0x34 CMakeFiles/RoboMaster.elf.dir/Middlewares/Third_Party/FreeRTOS/Source/tasks.c.obj
                0x08004ac0                vTaskPlaceOnEventList
 .text.vTaskPlaceOnEventListRestricted
                0x08004af4       0x3c CMakeFiles/RoboMaster.elf.dir/Middlewares/Third_Party/FreeRTOS/Source/tasks.c.obj
                0x08004af4                vTaskPlaceOnEventListRestricted
 .text.xTaskRemoveFromEventList
                0x08004b30       0x90 CMakeFiles/RoboMaster.elf.dir/Middlewares/Third_Party/FreeRTOS/Source/tasks.c.obj
                0x08004b30                xTaskRemoveFromEventList
 .text.vTaskInternalSetTimeOutState
                0x08004bc0       0x18 CMakeFiles/RoboMaster.elf.dir/Middlewares/Third_Party/FreeRTOS/Source/tasks.c.obj
                0x08004bc0                vTaskInternalSetTimeOutState
 .text.xTaskCheckForTimeOut
                0x08004bd8       0x8c CMakeFiles/RoboMaster.elf.dir/Middlewares/Third_Party/FreeRTOS/Source/tasks.c.obj
                0x08004bd8                xTaskCheckForTimeOut
 .text.vTaskMissedYield
                0x08004c64        0xc CMakeFiles/RoboMaster.elf.dir/Middlewares/Third_Party/FreeRTOS/Source/tasks.c.obj
                0x08004c64                vTaskMissedYield
 .text.xTaskGetSchedulerState
                0x08004c70       0x20 CMakeFiles/RoboMaster.elf.dir/Middlewares/Third_Party/FreeRTOS/Source/tasks.c.obj
                0x08004c70                xTaskGetSchedulerState
 .text.xTaskPriorityDisinherit
                0x08004c90       0x98 CMakeFiles/RoboMaster.elf.dir/Middlewares/Third_Party/FreeRTOS/Source/tasks.c.obj
                0x08004c90                xTaskPriorityDisinherit
 .text.prvGetNextExpireTime
                0x08004d28       0x20 CMakeFiles/RoboMaster.elf.dir/Middlewares/Third_Party/FreeRTOS/Source/timers.c.obj
 .text.prvInsertTimerInActiveList
                0x08004d48       0x50 CMakeFiles/RoboMaster.elf.dir/Middlewares/Third_Party/FreeRTOS/Source/timers.c.obj
 .text.prvCheckForValidListAndQueue
                0x08004d98       0x70 CMakeFiles/RoboMaster.elf.dir/Middlewares/Third_Party/FreeRTOS/Source/timers.c.obj
 .text.xTimerCreateTimerTask
                0x08004e08       0x68 CMakeFiles/RoboMaster.elf.dir/Middlewares/Third_Party/FreeRTOS/Source/timers.c.obj
                0x08004e08                xTimerCreateTimerTask
 .text.xTimerGenericCommand
                0x08004e70       0x70 CMakeFiles/RoboMaster.elf.dir/Middlewares/Third_Party/FreeRTOS/Source/timers.c.obj
                0x08004e70                xTimerGenericCommand
 .text.prvSwitchTimerLists
                0x08004ee0       0x80 CMakeFiles/RoboMaster.elf.dir/Middlewares/Third_Party/FreeRTOS/Source/timers.c.obj
 .text.prvSampleTimeNow
                0x08004f60       0x2c CMakeFiles/RoboMaster.elf.dir/Middlewares/Third_Party/FreeRTOS/Source/timers.c.obj
 .text.prvProcessExpiredTimer
                0x08004f8c       0x70 CMakeFiles/RoboMaster.elf.dir/Middlewares/Third_Party/FreeRTOS/Source/timers.c.obj
 .text.prvProcessTimerOrBlockTask
                0x08004ffc       0x78 CMakeFiles/RoboMaster.elf.dir/Middlewares/Third_Party/FreeRTOS/Source/timers.c.obj
 .text.prvProcessReceivedCommands
                0x08005074      0x114 CMakeFiles/RoboMaster.elf.dir/Middlewares/Third_Party/FreeRTOS/Source/timers.c.obj
 .text.prvTimerTask
                0x08005188       0x16 CMakeFiles/RoboMaster.elf.dir/Middlewares/Third_Party/FreeRTOS/Source/timers.c.obj
 *fill*         0x0800519e        0x2 
 .text.set_raw_data
                0x080051a0       0x44 CMakeFiles/RoboMaster.elf.dir/c610/c610_command.c.obj
                0x080051a0                set_raw_data
 .text.memset   0x080051e4       0x10 /opt/st/stm32cubeclt_1.15.0/GNU-tools-for-STM32/bin/../lib/gcc/arm-none-eabi/12.3.1/../../../../arm-none-eabi/lib/thumb/v7e-m+fp/hard/libg.a(libc_a-memset.o)
                0x080051e4                memset
 .text._reclaim_reent
                0x080051f4       0x58 /opt/st/stm32cubeclt_1.15.0/GNU-tools-for-STM32/bin/../lib/gcc/arm-none-eabi/12.3.1/../../../../arm-none-eabi/lib/thumb/v7e-m+fp/hard/libg.a(libc_a-reent.o)
                0x080051f4                _reclaim_reent
 .text.__errno  0x0800524c        0xc /opt/st/stm32cubeclt_1.15.0/GNU-tools-for-STM32/bin/../lib/gcc/arm-none-eabi/12.3.1/../../../../arm-none-eabi/lib/thumb/v7e-m+fp/hard/libg.a(libc_a-errno.o)
                0x0800524c                __errno
 .text.__libc_init_array
                0x08005258       0x48 /opt/st/stm32cubeclt_1.15.0/GNU-tools-for-STM32/bin/../lib/gcc/arm-none-eabi/12.3.1/../../../../arm-none-eabi/lib/thumb/v7e-m+fp/hard/libg.a(libc_a-init.o)
                0x08005258                __libc_init_array
 .text.__retarget_lock_acquire_recursive
                0x080052a0        0x2 /opt/st/stm32cubeclt_1.15.0/GNU-tools-for-STM32/bin/../lib/gcc/arm-none-eabi/12.3.1/../../../../arm-none-eabi/lib/thumb/v7e-m+fp/hard/libg.a(libc_a-lock.o)
                0x080052a0                __retarget_lock_acquire_recursive
 .text.__retarget_lock_release_recursive
                0x080052a2        0x2 /opt/st/stm32cubeclt_1.15.0/GNU-tools-for-STM32/bin/../lib/gcc/arm-none-eabi/12.3.1/../../../../arm-none-eabi/lib/thumb/v7e-m+fp/hard/libg.a(libc_a-lock.o)
                0x080052a2                __retarget_lock_release_recursive
 .text.memcpy   0x080052a4       0x1c /opt/st/stm32cubeclt_1.15.0/GNU-tools-for-STM32/bin/../lib/gcc/arm-none-eabi/12.3.1/../../../../arm-none-eabi/lib/thumb/v7e-m+fp/hard/libg.a(libc_a-memcpy-stub.o)
                0x080052a4                memcpy
 .text.startup.register_fini
                0x080052c0       0x14 /opt/st/stm32cubeclt_1.15.0/GNU-tools-for-STM32/bin/../lib/gcc/arm-none-eabi/12.3.1/../../../../arm-none-eabi/lib/thumb/v7e-m+fp/hard/libg.a(libc_a-__call_atexit.o)
 .text.atexit   0x080052d4        0xc /opt/st/stm32cubeclt_1.15.0/GNU-tools-for-STM32/bin/../lib/gcc/arm-none-eabi/12.3.1/../../../../arm-none-eabi/lib/thumb/v7e-m+fp/hard/libg.a(libc_a-atexit.o)
                0x080052d4                atexit
 .text._malloc_trim_r
                0x080052e0       0xac /opt/st/stm32cubeclt_1.15.0/GNU-tools-for-STM32/bin/../lib/gcc/arm-none-eabi/12.3.1/../../../../arm-none-eabi/lib/thumb/v7e-m+fp/hard/libg.a(libc_a-freer.o)
                0x080052e0                _malloc_trim_r
 .text._free_r  0x0800538c      0x180 /opt/st/stm32cubeclt_1.15.0/GNU-tools-for-STM32/bin/../lib/gcc/arm-none-eabi/12.3.1/../../../../arm-none-eabi/lib/thumb/v7e-m+fp/hard/libg.a(libc_a-freer.o)
                0x0800538c                _free_r
 .text.__malloc_lock
                0x0800550c        0xc /opt/st/stm32cubeclt_1.15.0/GNU-tools-for-STM32/bin/../lib/gcc/arm-none-eabi/12.3.1/../../../../arm-none-eabi/lib/thumb/v7e-m+fp/hard/libg.a(libc_a-mlock.o)
                0x0800550c                __malloc_lock
 .text.__malloc_unlock
                0x08005518        0xc /opt/st/stm32cubeclt_1.15.0/GNU-tools-for-STM32/bin/../lib/gcc/arm-none-eabi/12.3.1/../../../../arm-none-eabi/lib/thumb/v7e-m+fp/hard/libg.a(libc_a-mlock.o)
                0x08005518                __malloc_unlock
 .text._sbrk_r  0x08005524       0x20 /opt/st/stm32cubeclt_1.15.0/GNU-tools-for-STM32/bin/../lib/gcc/arm-none-eabi/12.3.1/../../../../arm-none-eabi/lib/thumb/v7e-m+fp/hard/libg.a(libc_a-sbrkr.o)
                0x08005524                _sbrk_r
 .text.__libc_fini_array
                0x08005544       0x28 /opt/st/stm32cubeclt_1.15.0/GNU-tools-for-STM32/bin/../lib/gcc/arm-none-eabi/12.3.1/../../../../arm-none-eabi/lib/thumb/v7e-m+fp/hard/libg.a(libc_a-fini.o)
                0x08005544                __libc_fini_array
 .text.sysconf  0x0800556c       0x18 /opt/st/stm32cubeclt_1.15.0/GNU-tools-for-STM32/bin/../lib/gcc/arm-none-eabi/12.3.1/../../../../arm-none-eabi/lib/thumb/v7e-m+fp/hard/libg.a(libc_a-sysconf.o)
                0x0800556c                sysconf
 .text.__register_exitproc
                0x08005584       0x80 /opt/st/stm32cubeclt_1.15.0/GNU-tools-for-STM32/bin/../lib/gcc/arm-none-eabi/12.3.1/../../../../arm-none-eabi/lib/thumb/v7e-m+fp/hard/libg.a(libc_a-__atexit.o)
                0x08005584                __register_exitproc
 *(.glue_7)
 .glue_7        0x08005604        0x0 linker stubs
 *(.glue_7t)
 .glue_7t       0x08005604        0x0 linker stubs
 *(.eh_frame)
 .eh_frame      0x08005604        0x0 /opt/st/stm32cubeclt_1.15.0/GNU-tools-for-STM32/bin/../lib/gcc/arm-none-eabi/12.3.1/thumb/v7e-m+fp/hard/crtbegin.o
 *(.init)
 .init          0x08005604        0x4 /opt/st/stm32cubeclt_1.15.0/GNU-tools-for-STM32/bin/../lib/gcc/arm-none-eabi/12.3.1/thumb/v7e-m+fp/hard/crti.o
                0x08005604                _init
 .init          0x08005608        0x8 /opt/st/stm32cubeclt_1.15.0/GNU-tools-for-STM32/bin/../lib/gcc/arm-none-eabi/12.3.1/thumb/v7e-m+fp/hard/crtn.o
 *(.fini)
 .fini          0x08005610        0x4 /opt/st/stm32cubeclt_1.15.0/GNU-tools-for-STM32/bin/../lib/gcc/arm-none-eabi/12.3.1/thumb/v7e-m+fp/hard/crti.o
                0x08005610                _fini
 .fini          0x08005614        0x8 /opt/st/stm32cubeclt_1.15.0/GNU-tools-for-STM32/bin/../lib/gcc/arm-none-eabi/12.3.1/thumb/v7e-m+fp/hard/crtn.o
                0x0800561c                        . = ALIGN (0x4)
                0x0800561c                        _etext = .

.vfp11_veneer   0x0800561c        0x0
 .vfp11_veneer  0x0800561c        0x0 linker stubs

.v4_bx          0x0800561c        0x0
 .v4_bx         0x0800561c        0x0 linker stubs

.iplt           0x0800561c        0x0
 .iplt          0x0800561c        0x0 /opt/st/stm32cubeclt_1.15.0/GNU-tools-for-STM32/bin/../lib/gcc/arm-none-eabi/12.3.1/thumb/v7e-m+fp/hard/crtbegin.o

.rodata         0x0800561c       0x60
                0x0800561c                        . = ALIGN (0x4)
 *(.rodata)
 *(.rodata*)
 .rodata.str1.4
                0x0800561c        0xc CMakeFiles/RoboMaster.elf.dir/Core/Src/main.c.obj
 .rodata.defaultTask_attributes
                0x08005628       0x24 CMakeFiles/RoboMaster.elf.dir/Core/Src/main.c.obj
                0x08005628                defaultTask_attributes
 .rodata.APBPrescTable
                0x0800564c        0x8 CMakeFiles/RoboMaster.elf.dir/Core/Src/system_stm32f7xx.c.obj
                0x0800564c                APBPrescTable
 .rodata.AHBPrescTable
                0x08005654       0x10 CMakeFiles/RoboMaster.elf.dir/Core/Src/system_stm32f7xx.c.obj
                0x08005654                AHBPrescTable
 .rodata.vTaskStartScheduler.str1.4
                0x08005664        0x5 CMakeFiles/RoboMaster.elf.dir/Middlewares/Third_Party/FreeRTOS/Source/tasks.c.obj
 *fill*         0x08005669        0x3 
 .rodata.prvCheckForValidListAndQueue.str1.4
                0x0800566c        0x5 CMakeFiles/RoboMaster.elf.dir/Middlewares/Third_Party/FreeRTOS/Source/timers.c.obj
 *fill*         0x08005671        0x3 
 .rodata.xTimerCreateTimerTask.str1.4
                0x08005674        0x8 CMakeFiles/RoboMaster.elf.dir/Middlewares/Third_Party/FreeRTOS/Source/timers.c.obj
                0x0800567c                        . = ALIGN (0x4)

.ARM.extab      0x0800567c        0x0
                0x0800567c                        . = ALIGN (0x4)
 *(.ARM.extab* .gnu.linkonce.armextab.*)
                0x0800567c                        . = ALIGN (0x4)

.ARM            0x0800567c        0x8
                0x0800567c                        . = ALIGN (0x4)
                0x0800567c                        __exidx_start = .
 *(.ARM.exidx*)
 .ARM.exidx     0x0800567c        0x8 /opt/st/stm32cubeclt_1.15.0/GNU-tools-for-STM32/bin/../lib/gcc/arm-none-eabi/12.3.1/thumb/v7e-m+fp/hard/libgcc.a(_udivmoddi4.o)
                0x08005684                        __exidx_end = .
                0x08005684                        . = ALIGN (0x4)

.rel.dyn        0x08005684        0x0
 .rel.iplt      0x08005684        0x0 /opt/st/stm32cubeclt_1.15.0/GNU-tools-for-STM32/bin/../lib/gcc/arm-none-eabi/12.3.1/thumb/v7e-m+fp/hard/crtbegin.o

.preinit_array  0x08005684        0x0
                0x08005684                        . = ALIGN (0x4)
                0x08005684                        PROVIDE (__preinit_array_start = .)
 *(.preinit_array*)
                0x08005684                        PROVIDE (__preinit_array_end = .)
                0x08005684                        . = ALIGN (0x4)

.init_array     0x08005684        0x8
                0x08005684                        . = ALIGN (0x4)
                0x08005684                        PROVIDE (__init_array_start = .)
 *(SORT_BY_NAME(.init_array.*))
 .init_array.00000
                0x08005684        0x4 /opt/st/stm32cubeclt_1.15.0/GNU-tools-for-STM32/bin/../lib/gcc/arm-none-eabi/12.3.1/../../../../arm-none-eabi/lib/thumb/v7e-m+fp/hard/libg.a(libc_a-__call_atexit.o)
 *(.init_array*)
 .init_array    0x08005688        0x4 /opt/st/stm32cubeclt_1.15.0/GNU-tools-for-STM32/bin/../lib/gcc/arm-none-eabi/12.3.1/thumb/v7e-m+fp/hard/crtbegin.o
                0x0800568c                        PROVIDE (__init_array_end = .)
                0x0800568c                        . = ALIGN (0x4)

.fini_array     0x0800568c        0x4
                0x0800568c                        . = ALIGN (0x4)
                0x0800568c                        PROVIDE (__fini_array_start = .)
 *(SORT_BY_NAME(.fini_array.*))
 *(.fini_array*)
 .fini_array    0x0800568c        0x4 /opt/st/stm32cubeclt_1.15.0/GNU-tools-for-STM32/bin/../lib/gcc/arm-none-eabi/12.3.1/thumb/v7e-m+fp/hard/crtbegin.o
                0x08005690                        PROVIDE (__fini_array_end = .)
                0x08005690                        . = ALIGN (0x4)
                0x08005690                        _sidata = LOADADDR (.data)

.data           0x20000000      0x54c load address 0x08005690
                0x20000000                        . = ALIGN (0x4)
                0x20000000                        _sdata = .
 *(.data)
 *(.data*)
 .data.SystemCoreClock
                0x20000000        0x4 CMakeFiles/RoboMaster.elf.dir/Core/Src/system_stm32f7xx.c.obj
                0x20000000                SystemCoreClock
 .data.uwTickFreq
                0x20000004        0x1 CMakeFiles/RoboMaster.elf.dir/Drivers/STM32F7xx_HAL_Driver/Src/stm32f7xx_hal.c.obj
                0x20000004                uwTickFreq
 *fill*         0x20000005        0x3 
 .data.uwTickPrio
                0x20000008        0x4 CMakeFiles/RoboMaster.elf.dir/Drivers/STM32F7xx_HAL_Driver/Src/stm32f7xx_hal.c.obj
                0x20000008                uwTickPrio
 .data.uxCriticalNesting
                0x2000000c        0x4 CMakeFiles/RoboMaster.elf.dir/Middlewares/Third_Party/FreeRTOS/Source/portable/GCC/ARM_CM7/r0p1/port.c.obj
 .data._impure_ptr
                0x20000010        0x4 /opt/st/stm32cubeclt_1.15.0/GNU-tools-for-STM32/bin/../lib/gcc/arm-none-eabi/12.3.1/../../../../arm-none-eabi/lib/thumb/v7e-m+fp/hard/libg.a(libc_a-impure.o)
                0x20000010                _impure_ptr
 *fill*         0x20000014        0x4 
 .data._impure_data
                0x20000018      0x120 /opt/st/stm32cubeclt_1.15.0/GNU-tools-for-STM32/bin/../lib/gcc/arm-none-eabi/12.3.1/../../../../arm-none-eabi/lib/thumb/v7e-m+fp/hard/libg.a(libc_a-impure.o)
                0x20000018                _impure_data
 .data.__atexit_recursive_mutex
                0x20000138        0x4 /opt/st/stm32cubeclt_1.15.0/GNU-tools-for-STM32/bin/../lib/gcc/arm-none-eabi/12.3.1/../../../../arm-none-eabi/lib/thumb/v7e-m+fp/hard/libg.a(libc_a-__call_atexit.o)
                0x20000138                __atexit_recursive_mutex
 .data.__malloc_sbrk_base
                0x2000013c        0x4 /opt/st/stm32cubeclt_1.15.0/GNU-tools-for-STM32/bin/../lib/gcc/arm-none-eabi/12.3.1/../../../../arm-none-eabi/lib/thumb/v7e-m+fp/hard/libg.a(libc_a-mallocr.o)
                0x2000013c                __malloc_sbrk_base
 .data.__malloc_trim_threshold
                0x20000140        0x4 /opt/st/stm32cubeclt_1.15.0/GNU-tools-for-STM32/bin/../lib/gcc/arm-none-eabi/12.3.1/../../../../arm-none-eabi/lib/thumb/v7e-m+fp/hard/libg.a(libc_a-mallocr.o)
                0x20000140                __malloc_trim_threshold
 .data.__malloc_av_
                0x20000144      0x408 /opt/st/stm32cubeclt_1.15.0/GNU-tools-for-STM32/bin/../lib/gcc/arm-none-eabi/12.3.1/../../../../arm-none-eabi/lib/thumb/v7e-m+fp/hard/libg.a(libc_a-mallocr.o)
                0x20000144                __malloc_av_
 *(.RamFunc)
 *(.RamFunc*)
                0x2000054c                        . = ALIGN (0x4)
                0x2000054c                        _edata = .

.igot.plt       0x2000054c        0x0 load address 0x08005bdc
 .igot.plt      0x2000054c        0x0 /opt/st/stm32cubeclt_1.15.0/GNU-tools-for-STM32/bin/../lib/gcc/arm-none-eabi/12.3.1/thumb/v7e-m+fp/hard/crtbegin.o
                0x2000054c                        . = ALIGN (0x4)

.bss            0x20000550     0x54f8 load address 0x08005bdc
                0x20000550                        _sbss = .
                0x20000550                        __bss_start__ = _sbss
 *(.bss)
 .bss           0x20000550       0x1c /opt/st/stm32cubeclt_1.15.0/GNU-tools-for-STM32/bin/../lib/gcc/arm-none-eabi/12.3.1/thumb/v7e-m+fp/hard/crtbegin.o
 *(.bss*)
 .bss.TxData    0x2000056c        0x8 CMakeFiles/RoboMaster.elf.dir/Core/Src/main.c.obj
                0x2000056c                TxData
 .bss.TxMailbox
                0x20000574        0x4 CMakeFiles/RoboMaster.elf.dir/Core/Src/main.c.obj
                0x20000574                TxMailbox
 .bss.TxHeader  0x20000578       0x18 CMakeFiles/RoboMaster.elf.dir/Core/Src/main.c.obj
                0x20000578                TxHeader
 .bss.defaultTaskHandle
                0x20000590        0x4 CMakeFiles/RoboMaster.elf.dir/Core/Src/main.c.obj
                0x20000590                defaultTaskHandle
 .bss.hpcd_USB_OTG_FS
                0x20000594      0x508 CMakeFiles/RoboMaster.elf.dir/Core/Src/main.c.obj
                0x20000594                hpcd_USB_OTG_FS
 .bss.huart3    0x20000a9c       0x88 CMakeFiles/RoboMaster.elf.dir/Core/Src/main.c.obj
                0x20000a9c                huart3
 .bss.hcan1     0x20000b24       0x28 CMakeFiles/RoboMaster.elf.dir/Core/Src/main.c.obj
                0x20000b24                hcan1
 .bss.htim6     0x20000b4c       0x4c CMakeFiles/RoboMaster.elf.dir/Core/Src/stm32f7xx_hal_timebase_tim.c.obj
                0x20000b4c                htim6
 .bss.__sbrk_heap_end
                0x20000b98        0x4 CMakeFiles/RoboMaster.elf.dir/Core/Src/sysmem.c.obj
 .bss.uwTick    0x20000b9c        0x4 CMakeFiles/RoboMaster.elf.dir/Drivers/STM32F7xx_HAL_Driver/Src/stm32f7xx_hal.c.obj
                0x20000b9c                uwTick
 .bss.Timer_Stack
                0x20000ba0      0x400 CMakeFiles/RoboMaster.elf.dir/Middlewares/Third_Party/FreeRTOS/Source/CMSIS_RTOS_V2/cmsis_os2.c.obj
 .bss.Timer_TCB
                0x20000fa0      0x180 CMakeFiles/RoboMaster.elf.dir/Middlewares/Third_Party/FreeRTOS/Source/CMSIS_RTOS_V2/cmsis_os2.c.obj
 .bss.Idle_Stack
                0x20001120      0x200 CMakeFiles/RoboMaster.elf.dir/Middlewares/Third_Party/FreeRTOS/Source/CMSIS_RTOS_V2/cmsis_os2.c.obj
 .bss.Idle_TCB  0x20001320      0x180 CMakeFiles/RoboMaster.elf.dir/Middlewares/Third_Party/FreeRTOS/Source/CMSIS_RTOS_V2/cmsis_os2.c.obj
 .bss.KernelState
                0x200014a0        0x4 CMakeFiles/RoboMaster.elf.dir/Middlewares/Third_Party/FreeRTOS/Source/CMSIS_RTOS_V2/cmsis_os2.c.obj
 .bss.ulMaxPRIGROUPValue
                0x200014a4        0x4 CMakeFiles/RoboMaster.elf.dir/Middlewares/Third_Party/FreeRTOS/Source/portable/GCC/ARM_CM7/r0p1/port.c.obj
 .bss.ucMaxSysCallPriority
                0x200014a8        0x1 CMakeFiles/RoboMaster.elf.dir/Middlewares/Third_Party/FreeRTOS/Source/portable/GCC/ARM_CM7/r0p1/port.c.obj
 *fill*         0x200014a9        0x3 
 .bss.xBlockAllocatedBit
                0x200014ac        0x4 CMakeFiles/RoboMaster.elf.dir/Middlewares/Third_Party/FreeRTOS/Source/portable/MemMang/heap_4.c.obj
 .bss.xMinimumEverFreeBytesRemaining
                0x200014b0        0x4 CMakeFiles/RoboMaster.elf.dir/Middlewares/Third_Party/FreeRTOS/Source/portable/MemMang/heap_4.c.obj
 .bss.xFreeBytesRemaining
                0x200014b4        0x4 CMakeFiles/RoboMaster.elf.dir/Middlewares/Third_Party/FreeRTOS/Source/portable/MemMang/heap_4.c.obj
 .bss.pxEnd     0x200014b8        0x4 CMakeFiles/RoboMaster.elf.dir/Middlewares/Third_Party/FreeRTOS/Source/portable/MemMang/heap_4.c.obj
 .bss.xStart    0x200014bc        0x8 CMakeFiles/RoboMaster.elf.dir/Middlewares/Third_Party/FreeRTOS/Source/portable/MemMang/heap_4.c.obj
 .bss.ucHeap    0x200014c4     0x3c00 CMakeFiles/RoboMaster.elf.dir/Middlewares/Third_Party/FreeRTOS/Source/portable/MemMang/heap_4.c.obj
 .bss.xQueueRegistry
                0x200050c4       0x40 CMakeFiles/RoboMaster.elf.dir/Middlewares/Third_Party/FreeRTOS/Source/queue.c.obj
                0x200050c4                xQueueRegistry
 .bss.uxSchedulerSuspended
                0x20005104        0x4 CMakeFiles/RoboMaster.elf.dir/Middlewares/Third_Party/FreeRTOS/Source/tasks.c.obj
 .bss.xIdleTaskHandle
                0x20005108        0x4 CMakeFiles/RoboMaster.elf.dir/Middlewares/Third_Party/FreeRTOS/Source/tasks.c.obj
 .bss.xNextTaskUnblockTime
                0x2000510c        0x4 CMakeFiles/RoboMaster.elf.dir/Middlewares/Third_Party/FreeRTOS/Source/tasks.c.obj
 .bss.uxTaskNumber
                0x20005110        0x4 CMakeFiles/RoboMaster.elf.dir/Middlewares/Third_Party/FreeRTOS/Source/tasks.c.obj
 .bss.xNumOfOverflows
                0x20005114        0x4 CMakeFiles/RoboMaster.elf.dir/Middlewares/Third_Party/FreeRTOS/Source/tasks.c.obj
 .bss.xYieldPending
                0x20005118        0x4 CMakeFiles/RoboMaster.elf.dir/Middlewares/Third_Party/FreeRTOS/Source/tasks.c.obj
 .bss.uxPendedTicks
                0x2000511c        0x4 CMakeFiles/RoboMaster.elf.dir/Middlewares/Third_Party/FreeRTOS/Source/tasks.c.obj
 .bss.xSchedulerRunning
                0x20005120        0x4 CMakeFiles/RoboMaster.elf.dir/Middlewares/Third_Party/FreeRTOS/Source/tasks.c.obj
 .bss.uxTopReadyPriority
                0x20005124        0x4 CMakeFiles/RoboMaster.elf.dir/Middlewares/Third_Party/FreeRTOS/Source/tasks.c.obj
 .bss.xTickCount
                0x20005128        0x4 CMakeFiles/RoboMaster.elf.dir/Middlewares/Third_Party/FreeRTOS/Source/tasks.c.obj
 .bss.uxCurrentNumberOfTasks
                0x2000512c        0x4 CMakeFiles/RoboMaster.elf.dir/Middlewares/Third_Party/FreeRTOS/Source/tasks.c.obj
 .bss.xSuspendedTaskList
                0x20005130       0x14 CMakeFiles/RoboMaster.elf.dir/Middlewares/Third_Party/FreeRTOS/Source/tasks.c.obj
 .bss.uxDeletedTasksWaitingCleanUp
                0x20005144        0x4 CMakeFiles/RoboMaster.elf.dir/Middlewares/Third_Party/FreeRTOS/Source/tasks.c.obj
 .bss.xTasksWaitingTermination
                0x20005148       0x14 CMakeFiles/RoboMaster.elf.dir/Middlewares/Third_Party/FreeRTOS/Source/tasks.c.obj
 .bss.xPendingReadyList
                0x2000515c       0x14 CMakeFiles/RoboMaster.elf.dir/Middlewares/Third_Party/FreeRTOS/Source/tasks.c.obj
 .bss.pxOverflowDelayedTaskList
                0x20005170        0x4 CMakeFiles/RoboMaster.elf.dir/Middlewares/Third_Party/FreeRTOS/Source/tasks.c.obj
 .bss.pxDelayedTaskList
                0x20005174        0x4 CMakeFiles/RoboMaster.elf.dir/Middlewares/Third_Party/FreeRTOS/Source/tasks.c.obj
 .bss.xDelayedTaskList2
                0x20005178       0x14 CMakeFiles/RoboMaster.elf.dir/Middlewares/Third_Party/FreeRTOS/Source/tasks.c.obj
 .bss.xDelayedTaskList1
                0x2000518c       0x14 CMakeFiles/RoboMaster.elf.dir/Middlewares/Third_Party/FreeRTOS/Source/tasks.c.obj
 .bss.pxReadyTasksLists
                0x200051a0      0x460 CMakeFiles/RoboMaster.elf.dir/Middlewares/Third_Party/FreeRTOS/Source/tasks.c.obj
 .bss.pxCurrentTCB
                0x20005600        0x4 CMakeFiles/RoboMaster.elf.dir/Middlewares/Third_Party/FreeRTOS/Source/tasks.c.obj
                0x20005600                pxCurrentTCB
 .bss.xStaticTimerQueue.0
                0x20005604       0x50 CMakeFiles/RoboMaster.elf.dir/Middlewares/Third_Party/FreeRTOS/Source/timers.c.obj
 .bss.ucStaticTimerQueueStorage.1
                0x20005654       0xa0 CMakeFiles/RoboMaster.elf.dir/Middlewares/Third_Party/FreeRTOS/Source/timers.c.obj
 .bss.xLastTime.2
                0x200056f4        0x4 CMakeFiles/RoboMaster.elf.dir/Middlewares/Third_Party/FreeRTOS/Source/timers.c.obj
 .bss.xTimerTaskHandle
                0x200056f8        0x4 CMakeFiles/RoboMaster.elf.dir/Middlewares/Third_Party/FreeRTOS/Source/timers.c.obj
 .bss.xTimerQueue
                0x200056fc        0x4 CMakeFiles/RoboMaster.elf.dir/Middlewares/Third_Party/FreeRTOS/Source/timers.c.obj
 .bss.pxOverflowTimerList
                0x20005700        0x4 CMakeFiles/RoboMaster.elf.dir/Middlewares/Third_Party/FreeRTOS/Source/timers.c.obj
 .bss.pxCurrentTimerList
                0x20005704        0x4 CMakeFiles/RoboMaster.elf.dir/Middlewares/Third_Party/FreeRTOS/Source/timers.c.obj
 .bss.xActiveTimerList2
                0x20005708       0x14 CMakeFiles/RoboMaster.elf.dir/Middlewares/Third_Party/FreeRTOS/Source/timers.c.obj
 .bss.xActiveTimerList1
                0x2000571c       0x14 CMakeFiles/RoboMaster.elf.dir/Middlewares/Third_Party/FreeRTOS/Source/timers.c.obj
 .bss._c610_raw_data
                0x20005730       0x18 CMakeFiles/RoboMaster.elf.dir/c610/c610_command.c.obj
                0x20005730                _c610_raw_data
 .bss.__sf      0x20005748      0x138 /opt/st/stm32cubeclt_1.15.0/GNU-tools-for-STM32/bin/../lib/gcc/arm-none-eabi/12.3.1/../../../../arm-none-eabi/lib/thumb/v7e-m+fp/hard/libg.a(libc_a-findfp.o)
                0x20005748                __sf
 .bss.errno     0x20005880        0x4 /opt/st/stm32cubeclt_1.15.0/GNU-tools-for-STM32/bin/../lib/gcc/arm-none-eabi/12.3.1/../../../../arm-none-eabi/lib/thumb/v7e-m+fp/hard/libg.a(libc_a-reent.o)
                0x20005880                errno
 .bss.__lock___malloc_recursive_mutex
                0x20005884        0x1 /opt/st/stm32cubeclt_1.15.0/GNU-tools-for-STM32/bin/../lib/gcc/arm-none-eabi/12.3.1/../../../../arm-none-eabi/lib/thumb/v7e-m+fp/hard/libg.a(libc_a-lock.o)
                0x20005884                __lock___malloc_recursive_mutex
 .bss.__lock___atexit_recursive_mutex
                0x20005885        0x1 /opt/st/stm32cubeclt_1.15.0/GNU-tools-for-STM32/bin/../lib/gcc/arm-none-eabi/12.3.1/../../../../arm-none-eabi/lib/thumb/v7e-m+fp/hard/libg.a(libc_a-lock.o)
                0x20005885                __lock___atexit_recursive_mutex
 *fill*         0x20005886        0x2 
 .bss.__atexit  0x20005888        0x4 /opt/st/stm32cubeclt_1.15.0/GNU-tools-for-STM32/bin/../lib/gcc/arm-none-eabi/12.3.1/../../../../arm-none-eabi/lib/thumb/v7e-m+fp/hard/libg.a(libc_a-__call_atexit.o)
                0x20005888                __atexit
 .bss.__malloc_current_mallinfo
                0x2000588c       0x28 /opt/st/stm32cubeclt_1.15.0/GNU-tools-for-STM32/bin/../lib/gcc/arm-none-eabi/12.3.1/../../../../arm-none-eabi/lib/thumb/v7e-m+fp/hard/libg.a(libc_a-mallocr.o)
                0x2000588c                __malloc_current_mallinfo
 .bss.__malloc_top_pad
                0x200058b4        0x4 /opt/st/stm32cubeclt_1.15.0/GNU-tools-for-STM32/bin/../lib/gcc/arm-none-eabi/12.3.1/../../../../arm-none-eabi/lib/thumb/v7e-m+fp/hard/libg.a(libc_a-mallocr.o)
                0x200058b4                __malloc_top_pad
 .bss.__atexit0
                0x200058b8      0x190 /opt/st/stm32cubeclt_1.15.0/GNU-tools-for-STM32/bin/../lib/gcc/arm-none-eabi/12.3.1/../../../../arm-none-eabi/lib/thumb/v7e-m+fp/hard/libg.a(libc_a-__atexit.o)
                0x200058b8                __atexit0
 *(COMMON)
                0x20005a48                        . = ALIGN (0x4)
                0x20005a48                        _ebss = .
                0x20005a48                        __bss_end__ = _ebss

._user_heap_stack
                0x20005a48      0x600 load address 0x08005bdc
                0x20005a48                        . = ALIGN (0x8)
                [!provide]                        PROVIDE (end = .)
                0x20005a48                        PROVIDE (_end = .)
                0x20005c48                        . = (. + _Min_Heap_Size)
 *fill*         0x20005a48      0x200 
                0x20006048                        . = (. + _Min_Stack_Size)
 *fill*         0x20005c48      0x400 
                0x20006048                        . = ALIGN (0x8)

/DISCARD/
 libc.a(*)
 libm.a(*)
 libgcc.a(*)

.ARM.attributes
                0x00000000       0x30
 *(.ARM.attributes)
 .ARM.attributes
                0x00000000       0x22 /opt/st/stm32cubeclt_1.15.0/GNU-tools-for-STM32/bin/../lib/gcc/arm-none-eabi/12.3.1/thumb/v7e-m+fp/hard/crti.o
 .ARM.attributes
                0x00000022       0x34 /opt/st/stm32cubeclt_1.15.0/GNU-tools-for-STM32/bin/../lib/gcc/arm-none-eabi/12.3.1/thumb/v7e-m+fp/hard/crtbegin.o
 .ARM.attributes
                0x00000056       0x34 CMakeFiles/RoboMaster.elf.dir/Core/Src/main.c.obj
 .ARM.attributes
                0x0000008a       0x34 CMakeFiles/RoboMaster.elf.dir/Core/Src/stm32f7xx_hal_msp.c.obj
 .ARM.attributes
                0x000000be       0x34 CMakeFiles/RoboMaster.elf.dir/Core/Src/stm32f7xx_hal_timebase_tim.c.obj
 .ARM.attributes
                0x000000f2       0x34 CMakeFiles/RoboMaster.elf.dir/Core/Src/stm32f7xx_it.c.obj
 .ARM.attributes
                0x00000126       0x34 CMakeFiles/RoboMaster.elf.dir/Core/Src/sysmem.c.obj
 .ARM.attributes
                0x0000015a       0x34 CMakeFiles/RoboMaster.elf.dir/Core/Src/system_stm32f7xx.c.obj
 .ARM.attributes
                0x0000018e       0x21 CMakeFiles/RoboMaster.elf.dir/Core/Startup/startup_stm32f767zitx.s.obj
 .ARM.attributes
                0x000001af       0x34 CMakeFiles/RoboMaster.elf.dir/Drivers/STM32F7xx_HAL_Driver/Src/stm32f7xx_hal.c.obj
 .ARM.attributes
                0x000001e3       0x34 CMakeFiles/RoboMaster.elf.dir/Drivers/STM32F7xx_HAL_Driver/Src/stm32f7xx_hal_can.c.obj
 .ARM.attributes
                0x00000217       0x34 CMakeFiles/RoboMaster.elf.dir/Drivers/STM32F7xx_HAL_Driver/Src/stm32f7xx_hal_cortex.c.obj
 .ARM.attributes
                0x0000024b       0x34 CMakeFiles/RoboMaster.elf.dir/Drivers/STM32F7xx_HAL_Driver/Src/stm32f7xx_hal_gpio.c.obj
 .ARM.attributes
                0x0000027f       0x34 CMakeFiles/RoboMaster.elf.dir/Drivers/STM32F7xx_HAL_Driver/Src/stm32f7xx_hal_pcd.c.obj
 .ARM.attributes
                0x000002b3       0x34 CMakeFiles/RoboMaster.elf.dir/Drivers/STM32F7xx_HAL_Driver/Src/stm32f7xx_hal_pcd_ex.c.obj
 .ARM.attributes
                0x000002e7       0x34 CMakeFiles/RoboMaster.elf.dir/Drivers/STM32F7xx_HAL_Driver/Src/stm32f7xx_hal_pwr.c.obj
 .ARM.attributes
                0x0000031b       0x34 CMakeFiles/RoboMaster.elf.dir/Drivers/STM32F7xx_HAL_Driver/Src/stm32f7xx_hal_pwr_ex.c.obj
 .ARM.attributes
                0x0000034f       0x34 CMakeFiles/RoboMaster.elf.dir/Drivers/STM32F7xx_HAL_Driver/Src/stm32f7xx_hal_rcc.c.obj
 .ARM.attributes
                0x00000383       0x34 CMakeFiles/RoboMaster.elf.dir/Drivers/STM32F7xx_HAL_Driver/Src/stm32f7xx_hal_rcc_ex.c.obj
 .ARM.attributes
                0x000003b7       0x34 CMakeFiles/RoboMaster.elf.dir/Drivers/STM32F7xx_HAL_Driver/Src/stm32f7xx_hal_tim.c.obj
 .ARM.attributes
                0x000003eb       0x34 CMakeFiles/RoboMaster.elf.dir/Drivers/STM32F7xx_HAL_Driver/Src/stm32f7xx_hal_tim_ex.c.obj
 .ARM.attributes
                0x0000041f       0x34 CMakeFiles/RoboMaster.elf.dir/Drivers/STM32F7xx_HAL_Driver/Src/stm32f7xx_hal_uart.c.obj
 .ARM.attributes
                0x00000453       0x34 CMakeFiles/RoboMaster.elf.dir/Drivers/STM32F7xx_HAL_Driver/Src/stm32f7xx_ll_usb.c.obj
 .ARM.attributes
                0x00000487       0x34 CMakeFiles/RoboMaster.elf.dir/Middlewares/Third_Party/FreeRTOS/Source/CMSIS_RTOS_V2/cmsis_os2.c.obj
 .ARM.attributes
                0x000004bb       0x34 CMakeFiles/RoboMaster.elf.dir/Middlewares/Third_Party/FreeRTOS/Source/list.c.obj
 .ARM.attributes
                0x000004ef       0x34 CMakeFiles/RoboMaster.elf.dir/Middlewares/Third_Party/FreeRTOS/Source/portable/GCC/ARM_CM7/r0p1/port.c.obj
 .ARM.attributes
                0x00000523       0x34 CMakeFiles/RoboMaster.elf.dir/Middlewares/Third_Party/FreeRTOS/Source/portable/MemMang/heap_4.c.obj
 .ARM.attributes
                0x00000557       0x34 CMakeFiles/RoboMaster.elf.dir/Middlewares/Third_Party/FreeRTOS/Source/queue.c.obj
 .ARM.attributes
                0x0000058b       0x34 CMakeFiles/RoboMaster.elf.dir/Middlewares/Third_Party/FreeRTOS/Source/tasks.c.obj
 .ARM.attributes
                0x000005bf       0x34 CMakeFiles/RoboMaster.elf.dir/Middlewares/Third_Party/FreeRTOS/Source/timers.c.obj
 .ARM.attributes
                0x000005f3       0x34 CMakeFiles/RoboMaster.elf.dir/c610/c610_command.c.obj
 .ARM.attributes
                0x00000627       0x22 /opt/st/stm32cubeclt_1.15.0/GNU-tools-for-STM32/bin/../lib/gcc/arm-none-eabi/12.3.1/thumb/v7e-m+fp/hard/libgcc.a(_aeabi_uldivmod.o)
 .ARM.attributes
                0x00000649       0x34 /opt/st/stm32cubeclt_1.15.0/GNU-tools-for-STM32/bin/../lib/gcc/arm-none-eabi/12.3.1/thumb/v7e-m+fp/hard/libgcc.a(_udivmoddi4.o)
 .ARM.attributes
                0x0000067d       0x22 /opt/st/stm32cubeclt_1.15.0/GNU-tools-for-STM32/bin/../lib/gcc/arm-none-eabi/12.3.1/thumb/v7e-m+fp/hard/libgcc.a(_dvmd_tls.o)
 .ARM.attributes
                0x0000069f       0x34 /opt/st/stm32cubeclt_1.15.0/GNU-tools-for-STM32/bin/../lib/gcc/arm-none-eabi/12.3.1/../../../../arm-none-eabi/lib/thumb/v7e-m+fp/hard/libg.a(libc_a-findfp.o)
 .ARM.attributes
                0x000006d3       0x34 /opt/st/stm32cubeclt_1.15.0/GNU-tools-for-STM32/bin/../lib/gcc/arm-none-eabi/12.3.1/../../../../arm-none-eabi/lib/thumb/v7e-m+fp/hard/libg.a(libc_a-memset.o)
 .ARM.attributes
                0x00000707       0x34 /opt/st/stm32cubeclt_1.15.0/GNU-tools-for-STM32/bin/../lib/gcc/arm-none-eabi/12.3.1/../../../../arm-none-eabi/lib/thumb/v7e-m+fp/hard/libg.a(libc_a-reent.o)
 .ARM.attributes
                0x0000073b       0x34 /opt/st/stm32cubeclt_1.15.0/GNU-tools-for-STM32/bin/../lib/gcc/arm-none-eabi/12.3.1/../../../../arm-none-eabi/lib/thumb/v7e-m+fp/hard/libg.a(libc_a-impure.o)
 .ARM.attributes
                0x0000076f       0x34 /opt/st/stm32cubeclt_1.15.0/GNU-tools-for-STM32/bin/../lib/gcc/arm-none-eabi/12.3.1/../../../../arm-none-eabi/lib/thumb/v7e-m+fp/hard/libg.a(libc_a-errno.o)
 .ARM.attributes
                0x000007a3       0x34 /opt/st/stm32cubeclt_1.15.0/GNU-tools-for-STM32/bin/../lib/gcc/arm-none-eabi/12.3.1/../../../../arm-none-eabi/lib/thumb/v7e-m+fp/hard/libg.a(libc_a-init.o)
 .ARM.attributes
                0x000007d7       0x34 /opt/st/stm32cubeclt_1.15.0/GNU-tools-for-STM32/bin/../lib/gcc/arm-none-eabi/12.3.1/../../../../arm-none-eabi/lib/thumb/v7e-m+fp/hard/libg.a(libc_a-lock.o)
 .ARM.attributes
                0x0000080b       0x34 /opt/st/stm32cubeclt_1.15.0/GNU-tools-for-STM32/bin/../lib/gcc/arm-none-eabi/12.3.1/../../../../arm-none-eabi/lib/thumb/v7e-m+fp/hard/libg.a(libc_a-memcpy-stub.o)
 .ARM.attributes
                0x0000083f       0x34 /opt/st/stm32cubeclt_1.15.0/GNU-tools-for-STM32/bin/../lib/gcc/arm-none-eabi/12.3.1/../../../../arm-none-eabi/lib/thumb/v7e-m+fp/hard/libg.a(libc_a-__call_atexit.o)
 .ARM.attributes
                0x00000873       0x34 /opt/st/stm32cubeclt_1.15.0/GNU-tools-for-STM32/bin/../lib/gcc/arm-none-eabi/12.3.1/../../../../arm-none-eabi/lib/thumb/v7e-m+fp/hard/libg.a(libc_a-atexit.o)
 .ARM.attributes
                0x000008a7       0x34 /opt/st/stm32cubeclt_1.15.0/GNU-tools-for-STM32/bin/../lib/gcc/arm-none-eabi/12.3.1/../../../../arm-none-eabi/lib/thumb/v7e-m+fp/hard/libg.a(libc_a-freer.o)
 .ARM.attributes
                0x000008db       0x34 /opt/st/stm32cubeclt_1.15.0/GNU-tools-for-STM32/bin/../lib/gcc/arm-none-eabi/12.3.1/../../../../arm-none-eabi/lib/thumb/v7e-m+fp/hard/libg.a(libc_a-mallocr.o)
 .ARM.attributes
                0x0000090f       0x34 /opt/st/stm32cubeclt_1.15.0/GNU-tools-for-STM32/bin/../lib/gcc/arm-none-eabi/12.3.1/../../../../arm-none-eabi/lib/thumb/v7e-m+fp/hard/libg.a(libc_a-mlock.o)
 .ARM.attributes
                0x00000943       0x34 /opt/st/stm32cubeclt_1.15.0/GNU-tools-for-STM32/bin/../lib/gcc/arm-none-eabi/12.3.1/../../../../arm-none-eabi/lib/thumb/v7e-m+fp/hard/libg.a(libc_a-sbrkr.o)
 .ARM.attributes
                0x00000977       0x34 /opt/st/stm32cubeclt_1.15.0/GNU-tools-for-STM32/bin/../lib/gcc/arm-none-eabi/12.3.1/../../../../arm-none-eabi/lib/thumb/v7e-m+fp/hard/libg.a(libc_a-fini.o)
 .ARM.attributes
                0x000009ab       0x34 /opt/st/stm32cubeclt_1.15.0/GNU-tools-for-STM32/bin/../lib/gcc/arm-none-eabi/12.3.1/../../../../arm-none-eabi/lib/thumb/v7e-m+fp/hard/libg.a(libc_a-sysconf.o)
 .ARM.attributes
                0x000009df       0x34 /opt/st/stm32cubeclt_1.15.0/GNU-tools-for-STM32/bin/../lib/gcc/arm-none-eabi/12.3.1/../../../../arm-none-eabi/lib/thumb/v7e-m+fp/hard/libg.a(libc_a-__atexit.o)
 .ARM.attributes
                0x00000a13       0x22 /opt/st/stm32cubeclt_1.15.0/GNU-tools-for-STM32/bin/../lib/gcc/arm-none-eabi/12.3.1/thumb/v7e-m+fp/hard/crtn.o
OUTPUT(RoboMaster.elf elf32-littlearm)
LOAD linker stubs
LOAD /opt/st/stm32cubeclt_1.15.0/GNU-tools-for-STM32/bin/../lib/gcc/arm-none-eabi/12.3.1/../../../../arm-none-eabi/lib/thumb/v7e-m+fp/hard/libc.a
LOAD /opt/st/stm32cubeclt_1.15.0/GNU-tools-for-STM32/bin/../lib/gcc/arm-none-eabi/12.3.1/../../../../arm-none-eabi/lib/thumb/v7e-m+fp/hard/libm.a
LOAD /opt/st/stm32cubeclt_1.15.0/GNU-tools-for-STM32/bin/../lib/gcc/arm-none-eabi/12.3.1/thumb/v7e-m+fp/hard/libgcc.a

.debug_info     0x00000000    0x2e31f
 .debug_info    0x00000000     0x23d6 CMakeFiles/RoboMaster.elf.dir/Core/Src/main.c.obj
 .debug_info    0x000023d6     0x1b21 CMakeFiles/RoboMaster.elf.dir/Core/Src/stm32f7xx_hal_msp.c.obj
 .debug_info    0x00003ef7      0xdbf CMakeFiles/RoboMaster.elf.dir/Core/Src/stm32f7xx_hal_timebase_tim.c.obj
 .debug_info    0x00004cb6      0xb12 CMakeFiles/RoboMaster.elf.dir/Core/Src/stm32f7xx_it.c.obj
 .debug_info    0x000057c8      0x171 CMakeFiles/RoboMaster.elf.dir/Core/Src/sysmem.c.obj
 .debug_info    0x00005939      0x702 CMakeFiles/RoboMaster.elf.dir/Core/Src/system_stm32f7xx.c.obj
 .debug_info    0x0000603b       0x30 CMakeFiles/RoboMaster.elf.dir/Core/Startup/startup_stm32f767zitx.s.obj
 .debug_info    0x0000606b      0xaea CMakeFiles/RoboMaster.elf.dir/Drivers/STM32F7xx_HAL_Driver/Src/stm32f7xx_hal.c.obj
 .debug_info    0x00006b55     0x11ca CMakeFiles/RoboMaster.elf.dir/Drivers/STM32F7xx_HAL_Driver/Src/stm32f7xx_hal_can.c.obj
 .debug_info    0x00007d1f     0x11c2 CMakeFiles/RoboMaster.elf.dir/Drivers/STM32F7xx_HAL_Driver/Src/stm32f7xx_hal_cortex.c.obj
 .debug_info    0x00008ee1      0x734 CMakeFiles/RoboMaster.elf.dir/Drivers/STM32F7xx_HAL_Driver/Src/stm32f7xx_hal_gpio.c.obj
 .debug_info    0x00009615     0x1c4a CMakeFiles/RoboMaster.elf.dir/Drivers/STM32F7xx_HAL_Driver/Src/stm32f7xx_hal_pcd.c.obj
 .debug_info    0x0000b25f      0x7ae CMakeFiles/RoboMaster.elf.dir/Drivers/STM32F7xx_HAL_Driver/Src/stm32f7xx_hal_pcd_ex.c.obj
 .debug_info    0x0000ba0d      0x92f CMakeFiles/RoboMaster.elf.dir/Drivers/STM32F7xx_HAL_Driver/Src/stm32f7xx_hal_pwr.c.obj
 .debug_info    0x0000c33c      0x9ba CMakeFiles/RoboMaster.elf.dir/Drivers/STM32F7xx_HAL_Driver/Src/stm32f7xx_hal_pwr_ex.c.obj
 .debug_info    0x0000ccf6      0xb81 CMakeFiles/RoboMaster.elf.dir/Drivers/STM32F7xx_HAL_Driver/Src/stm32f7xx_hal_rcc.c.obj
 .debug_info    0x0000d877      0x812 CMakeFiles/RoboMaster.elf.dir/Drivers/STM32F7xx_HAL_Driver/Src/stm32f7xx_hal_rcc_ex.c.obj
 .debug_info    0x0000e089     0x3cc8 CMakeFiles/RoboMaster.elf.dir/Drivers/STM32F7xx_HAL_Driver/Src/stm32f7xx_hal_tim.c.obj
 .debug_info    0x00011d51     0x1ce4 CMakeFiles/RoboMaster.elf.dir/Drivers/STM32F7xx_HAL_Driver/Src/stm32f7xx_hal_tim_ex.c.obj
 .debug_info    0x00013a35     0x4f37 CMakeFiles/RoboMaster.elf.dir/Drivers/STM32F7xx_HAL_Driver/Src/stm32f7xx_hal_uart.c.obj
 .debug_info    0x0001896c     0x1ec2 CMakeFiles/RoboMaster.elf.dir/Drivers/STM32F7xx_HAL_Driver/Src/stm32f7xx_ll_usb.c.obj
 .debug_info    0x0001a82e     0x5446 CMakeFiles/RoboMaster.elf.dir/Middlewares/Third_Party/FreeRTOS/Source/CMSIS_RTOS_V2/cmsis_os2.c.obj
 .debug_info    0x0001fc74      0x2bf CMakeFiles/RoboMaster.elf.dir/Middlewares/Third_Party/FreeRTOS/Source/list.c.obj
 .debug_info    0x0001ff33      0x521 CMakeFiles/RoboMaster.elf.dir/Middlewares/Third_Party/FreeRTOS/Source/portable/GCC/ARM_CM7/r0p1/port.c.obj
 .debug_info    0x00020454      0x444 CMakeFiles/RoboMaster.elf.dir/Middlewares/Third_Party/FreeRTOS/Source/portable/MemMang/heap_4.c.obj
 .debug_info    0x00020898     0x2754 CMakeFiles/RoboMaster.elf.dir/Middlewares/Third_Party/FreeRTOS/Source/queue.c.obj
 .debug_info    0x00022fec     0x36ae CMakeFiles/RoboMaster.elf.dir/Middlewares/Third_Party/FreeRTOS/Source/tasks.c.obj
 .debug_info    0x0002669a     0x214b CMakeFiles/RoboMaster.elf.dir/Middlewares/Third_Party/FreeRTOS/Source/timers.c.obj
 .debug_info    0x000287e5      0x150 CMakeFiles/RoboMaster.elf.dir/c610/c610_command.c.obj
 .debug_info    0x00028935      0xfc5 /opt/st/stm32cubeclt_1.15.0/GNU-tools-for-STM32/bin/../lib/gcc/arm-none-eabi/12.3.1/../../../../arm-none-eabi/lib/thumb/v7e-m+fp/hard/libg.a(libc_a-findfp.o)
 .debug_info    0x000298fa       0xe0 /opt/st/stm32cubeclt_1.15.0/GNU-tools-for-STM32/bin/../lib/gcc/arm-none-eabi/12.3.1/../../../../arm-none-eabi/lib/thumb/v7e-m+fp/hard/libg.a(libc_a-memset.o)
 .debug_info    0x000299da      0x7e7 /opt/st/stm32cubeclt_1.15.0/GNU-tools-for-STM32/bin/../lib/gcc/arm-none-eabi/12.3.1/../../../../arm-none-eabi/lib/thumb/v7e-m+fp/hard/libg.a(libc_a-reent.o)
 .debug_info    0x0002a1c1      0x733 /opt/st/stm32cubeclt_1.15.0/GNU-tools-for-STM32/bin/../lib/gcc/arm-none-eabi/12.3.1/../../../../arm-none-eabi/lib/thumb/v7e-m+fp/hard/libg.a(libc_a-impure.o)
 .debug_info    0x0002a8f4      0x719 /opt/st/stm32cubeclt_1.15.0/GNU-tools-for-STM32/bin/../lib/gcc/arm-none-eabi/12.3.1/../../../../arm-none-eabi/lib/thumb/v7e-m+fp/hard/libg.a(libc_a-errno.o)
 .debug_info    0x0002b00d      0x10b /opt/st/stm32cubeclt_1.15.0/GNU-tools-for-STM32/bin/../lib/gcc/arm-none-eabi/12.3.1/../../../../arm-none-eabi/lib/thumb/v7e-m+fp/hard/libg.a(libc_a-init.o)
 .debug_info    0x0002b118      0x20a /opt/st/stm32cubeclt_1.15.0/GNU-tools-for-STM32/bin/../lib/gcc/arm-none-eabi/12.3.1/../../../../arm-none-eabi/lib/thumb/v7e-m+fp/hard/libg.a(libc_a-lock.o)
 .debug_info    0x0002b322      0x121 /opt/st/stm32cubeclt_1.15.0/GNU-tools-for-STM32/bin/../lib/gcc/arm-none-eabi/12.3.1/../../../../arm-none-eabi/lib/thumb/v7e-m+fp/hard/libg.a(libc_a-memcpy-stub.o)
 .debug_info    0x0002b443      0x2dd /opt/st/stm32cubeclt_1.15.0/GNU-tools-for-STM32/bin/../lib/gcc/arm-none-eabi/12.3.1/../../../../arm-none-eabi/lib/thumb/v7e-m+fp/hard/libg.a(libc_a-__call_atexit.o)
 .debug_info    0x0002b720      0x118 /opt/st/stm32cubeclt_1.15.0/GNU-tools-for-STM32/bin/../lib/gcc/arm-none-eabi/12.3.1/../../../../arm-none-eabi/lib/thumb/v7e-m+fp/hard/libg.a(libc_a-atexit.o)
 .debug_info    0x0002b838      0xb3e /opt/st/stm32cubeclt_1.15.0/GNU-tools-for-STM32/bin/../lib/gcc/arm-none-eabi/12.3.1/../../../../arm-none-eabi/lib/thumb/v7e-m+fp/hard/libg.a(libc_a-freer.o)
 .debug_info    0x0002c376      0xc6f /opt/st/stm32cubeclt_1.15.0/GNU-tools-for-STM32/bin/../lib/gcc/arm-none-eabi/12.3.1/../../../../arm-none-eabi/lib/thumb/v7e-m+fp/hard/libg.a(libc_a-mallocr.o)
 .debug_info    0x0002cfe5      0x789 /opt/st/stm32cubeclt_1.15.0/GNU-tools-for-STM32/bin/../lib/gcc/arm-none-eabi/12.3.1/../../../../arm-none-eabi/lib/thumb/v7e-m+fp/hard/libg.a(libc_a-mlock.o)
 .debug_info    0x0002d76e      0x79a /opt/st/stm32cubeclt_1.15.0/GNU-tools-for-STM32/bin/../lib/gcc/arm-none-eabi/12.3.1/../../../../arm-none-eabi/lib/thumb/v7e-m+fp/hard/libg.a(libc_a-sbrkr.o)
 .debug_info    0x0002df08       0xf7 /opt/st/stm32cubeclt_1.15.0/GNU-tools-for-STM32/bin/../lib/gcc/arm-none-eabi/12.3.1/../../../../arm-none-eabi/lib/thumb/v7e-m+fp/hard/libg.a(libc_a-fini.o)
 .debug_info    0x0002dfff       0xc1 /opt/st/stm32cubeclt_1.15.0/GNU-tools-for-STM32/bin/../lib/gcc/arm-none-eabi/12.3.1/../../../../arm-none-eabi/lib/thumb/v7e-m+fp/hard/libg.a(libc_a-sysconf.o)
 .debug_info    0x0002e0c0      0x25f /opt/st/stm32cubeclt_1.15.0/GNU-tools-for-STM32/bin/../lib/gcc/arm-none-eabi/12.3.1/../../../../arm-none-eabi/lib/thumb/v7e-m+fp/hard/libg.a(libc_a-__atexit.o)

.debug_abbrev   0x00000000     0x6378
 .debug_abbrev  0x00000000      0x39c CMakeFiles/RoboMaster.elf.dir/Core/Src/main.c.obj
 .debug_abbrev  0x0000039c      0x2ab CMakeFiles/RoboMaster.elf.dir/Core/Src/stm32f7xx_hal_msp.c.obj
 .debug_abbrev  0x00000647      0x232 CMakeFiles/RoboMaster.elf.dir/Core/Src/stm32f7xx_hal_timebase_tim.c.obj
 .debug_abbrev  0x00000879      0x1d2 CMakeFiles/RoboMaster.elf.dir/Core/Src/stm32f7xx_it.c.obj
 .debug_abbrev  0x00000a4b       0xea CMakeFiles/RoboMaster.elf.dir/Core/Src/sysmem.c.obj
 .debug_abbrev  0x00000b35      0x13f CMakeFiles/RoboMaster.elf.dir/Core/Src/system_stm32f7xx.c.obj
 .debug_abbrev  0x00000c74       0x24 CMakeFiles/RoboMaster.elf.dir/Core/Startup/startup_stm32f767zitx.s.obj
 .debug_abbrev  0x00000c98      0x23f CMakeFiles/RoboMaster.elf.dir/Drivers/STM32F7xx_HAL_Driver/Src/stm32f7xx_hal.c.obj
 .debug_abbrev  0x00000ed7      0x283 CMakeFiles/RoboMaster.elf.dir/Drivers/STM32F7xx_HAL_Driver/Src/stm32f7xx_hal_can.c.obj
 .debug_abbrev  0x0000115a      0x39d CMakeFiles/RoboMaster.elf.dir/Drivers/STM32F7xx_HAL_Driver/Src/stm32f7xx_hal_cortex.c.obj
 .debug_abbrev  0x000014f7      0x202 CMakeFiles/RoboMaster.elf.dir/Drivers/STM32F7xx_HAL_Driver/Src/stm32f7xx_hal_gpio.c.obj
 .debug_abbrev  0x000016f9      0x309 CMakeFiles/RoboMaster.elf.dir/Drivers/STM32F7xx_HAL_Driver/Src/stm32f7xx_hal_pcd.c.obj
 .debug_abbrev  0x00001a02      0x1e3 CMakeFiles/RoboMaster.elf.dir/Drivers/STM32F7xx_HAL_Driver/Src/stm32f7xx_hal_pcd_ex.c.obj
 .debug_abbrev  0x00001be5      0x1cf CMakeFiles/RoboMaster.elf.dir/Drivers/STM32F7xx_HAL_Driver/Src/stm32f7xx_hal_pwr.c.obj
 .debug_abbrev  0x00001db4      0x1ef CMakeFiles/RoboMaster.elf.dir/Drivers/STM32F7xx_HAL_Driver/Src/stm32f7xx_hal_pwr_ex.c.obj
 .debug_abbrev  0x00001fa3      0x2ef CMakeFiles/RoboMaster.elf.dir/Drivers/STM32F7xx_HAL_Driver/Src/stm32f7xx_hal_rcc.c.obj
 .debug_abbrev  0x00002292      0x1e3 CMakeFiles/RoboMaster.elf.dir/Drivers/STM32F7xx_HAL_Driver/Src/stm32f7xx_hal_rcc_ex.c.obj
 .debug_abbrev  0x00002475      0x271 CMakeFiles/RoboMaster.elf.dir/Drivers/STM32F7xx_HAL_Driver/Src/stm32f7xx_hal_tim.c.obj
 .debug_abbrev  0x000026e6      0x26f CMakeFiles/RoboMaster.elf.dir/Drivers/STM32F7xx_HAL_Driver/Src/stm32f7xx_hal_tim_ex.c.obj
 .debug_abbrev  0x00002955      0x31a CMakeFiles/RoboMaster.elf.dir/Drivers/STM32F7xx_HAL_Driver/Src/stm32f7xx_hal_uart.c.obj
 .debug_abbrev  0x00002c6f      0x31f CMakeFiles/RoboMaster.elf.dir/Drivers/STM32F7xx_HAL_Driver/Src/stm32f7xx_ll_usb.c.obj
 .debug_abbrev  0x00002f8e      0x518 CMakeFiles/RoboMaster.elf.dir/Middlewares/Third_Party/FreeRTOS/Source/CMSIS_RTOS_V2/cmsis_os2.c.obj
 .debug_abbrev  0x000034a6      0x10a CMakeFiles/RoboMaster.elf.dir/Middlewares/Third_Party/FreeRTOS/Source/list.c.obj
 .debug_abbrev  0x000035b0      0x2bb CMakeFiles/RoboMaster.elf.dir/Middlewares/Third_Party/FreeRTOS/Source/portable/GCC/ARM_CM7/r0p1/port.c.obj
 .debug_abbrev  0x0000386b      0x24b CMakeFiles/RoboMaster.elf.dir/Middlewares/Third_Party/FreeRTOS/Source/portable/MemMang/heap_4.c.obj
 .debug_abbrev  0x00003ab6      0x3ea CMakeFiles/RoboMaster.elf.dir/Middlewares/Third_Party/FreeRTOS/Source/queue.c.obj
 .debug_abbrev  0x00003ea0      0x45f CMakeFiles/RoboMaster.elf.dir/Middlewares/Third_Party/FreeRTOS/Source/tasks.c.obj
 .debug_abbrev  0x000042ff      0x3c7 CMakeFiles/RoboMaster.elf.dir/Middlewares/Third_Party/FreeRTOS/Source/timers.c.obj
 .debug_abbrev  0x000046c6       0xcb CMakeFiles/RoboMaster.elf.dir/c610/c610_command.c.obj
 .debug_abbrev  0x00004791      0x462 /opt/st/stm32cubeclt_1.15.0/GNU-tools-for-STM32/bin/../lib/gcc/arm-none-eabi/12.3.1/../../../../arm-none-eabi/lib/thumb/v7e-m+fp/hard/libg.a(libc_a-findfp.o)
 .debug_abbrev  0x00004bf3       0x9e /opt/st/stm32cubeclt_1.15.0/GNU-tools-for-STM32/bin/../lib/gcc/arm-none-eabi/12.3.1/../../../../arm-none-eabi/lib/thumb/v7e-m+fp/hard/libg.a(libc_a-memset.o)
 .debug_abbrev  0x00004c91      0x229 /opt/st/stm32cubeclt_1.15.0/GNU-tools-for-STM32/bin/../lib/gcc/arm-none-eabi/12.3.1/../../../../arm-none-eabi/lib/thumb/v7e-m+fp/hard/libg.a(libc_a-reent.o)
 .debug_abbrev  0x00004eba      0x185 /opt/st/stm32cubeclt_1.15.0/GNU-tools-for-STM32/bin/../lib/gcc/arm-none-eabi/12.3.1/../../../../arm-none-eabi/lib/thumb/v7e-m+fp/hard/libg.a(libc_a-impure.o)
 .debug_abbrev  0x0000503f      0x19a /opt/st/stm32cubeclt_1.15.0/GNU-tools-for-STM32/bin/../lib/gcc/arm-none-eabi/12.3.1/../../../../arm-none-eabi/lib/thumb/v7e-m+fp/hard/libg.a(libc_a-errno.o)
 .debug_abbrev  0x000051d9       0xc9 /opt/st/stm32cubeclt_1.15.0/GNU-tools-for-STM32/bin/../lib/gcc/arm-none-eabi/12.3.1/../../../../arm-none-eabi/lib/thumb/v7e-m+fp/hard/libg.a(libc_a-init.o)
 .debug_abbrev  0x000052a2      0x115 /opt/st/stm32cubeclt_1.15.0/GNU-tools-for-STM32/bin/../lib/gcc/arm-none-eabi/12.3.1/../../../../arm-none-eabi/lib/thumb/v7e-m+fp/hard/libg.a(libc_a-lock.o)
 .debug_abbrev  0x000053b7       0xc1 /opt/st/stm32cubeclt_1.15.0/GNU-tools-for-STM32/bin/../lib/gcc/arm-none-eabi/12.3.1/../../../../arm-none-eabi/lib/thumb/v7e-m+fp/hard/libg.a(libc_a-memcpy-stub.o)
 .debug_abbrev  0x00005478      0x20c /opt/st/stm32cubeclt_1.15.0/GNU-tools-for-STM32/bin/../lib/gcc/arm-none-eabi/12.3.1/../../../../arm-none-eabi/lib/thumb/v7e-m+fp/hard/libg.a(libc_a-__call_atexit.o)
 .debug_abbrev  0x00005684       0xc1 /opt/st/stm32cubeclt_1.15.0/GNU-tools-for-STM32/bin/../lib/gcc/arm-none-eabi/12.3.1/../../../../arm-none-eabi/lib/thumb/v7e-m+fp/hard/libg.a(libc_a-atexit.o)
 .debug_abbrev  0x00005745      0x27d /opt/st/stm32cubeclt_1.15.0/GNU-tools-for-STM32/bin/../lib/gcc/arm-none-eabi/12.3.1/../../../../arm-none-eabi/lib/thumb/v7e-m+fp/hard/libg.a(libc_a-freer.o)
 .debug_abbrev  0x000059c2      0x2d0 /opt/st/stm32cubeclt_1.15.0/GNU-tools-for-STM32/bin/../lib/gcc/arm-none-eabi/12.3.1/../../../../arm-none-eabi/lib/thumb/v7e-m+fp/hard/libg.a(libc_a-mallocr.o)